
> hyphagraph-frontend@0.1.0 test
> vitest --run


[1m[46m RUN [49m[22m [36mv4.0.16 [39m[90mD:/code_hdd/hyphagraph/frontend[39m

 [32m✓[39m src/components/filters/__tests__/SearchFilter.test.tsx[2m > [22mSearchFilter[2m > [22mrenders with placeholder text[33m 711[2mms[22m[39m
 [32m✓[39m src/components/filters/__tests__/CheckboxFilter.test.tsx[2m > [22mCheckboxFilter[2m > [22mrenders all checkbox options[33m 769[2mms[22m[39m
 [32m✓[39m src/components/filters/__tests__/CheckboxFilter.test.tsx[2m > [22mCheckboxFilter[2m > [22mshows checked state for selected values[32m 137[2mms[22m[39m
 [32m✓[39m src/components/filters/__tests__/SearchFilter.test.tsx[2m > [22mSearchFilter[2m > [22mdisplays current value[32m 254[2mms[22m[39m
 [32m✓[39m src/components/filters/__tests__/SearchFilter.test.tsx[2m > [22mSearchFilter[2m > [22mshows search icon[32m 62[2mms[22m[39m
[90mstderr[2m | src/views/__tests__/ExplanationView.test.tsx[2m > [22m[2mExplanationView[2m > [22m[2mError state[2m > [22m[2mdisplays error message when API call fails
[22m[39mFailed to load explanation: Error: Failed to load
    at D:/code_hdd/hyphagraph/frontend/src/views/__tests__/ExplanationView.test.tsx:104:49
    at [90mfile:///D:/code_hdd/hyphagraph/frontend/[39mnode_modules/[4m@vitest/runner[24m/dist/index.js:145:11
    at [90mfile:///D:/code_hdd/hyphagraph/frontend/[39mnode_modules/[4m@vitest/runner[24m/dist/index.js:915:26
    at [90mfile:///D:/code_hdd/hyphagraph/frontend/[39mnode_modules/[4m@vitest/runner[24m/dist/index.js:1243:20
    at new Promise (<anonymous>)
    at runWithTimeout [90m(file:///D:/code_hdd/hyphagraph/frontend/[39mnode_modules/[4m@vitest/runner[24m/dist/index.js:1209:10[90m)[39m
    at [90mfile:///D:/code_hdd/hyphagraph/frontend/[39mnode_modules/[4m@vitest/runner[24m/dist/index.js:1653:37
    at Traces.$ [90m(file:///D:/code_hdd/hyphagraph/frontend/[39mnode_modules/[4mvitest[24m/dist/chunks/traces.U4xDYhzZ.js:115:27[90m)[39m
    at trace [90m(file:///D:/code_hdd/hyphagraph/frontend/[39mnode_modules/[4mvitest[24m/dist/chunks/test.B8ej_ZHS.js:239:21[90m)[39m
    at runTest [90m(file:///D:/code_hdd/hyphagraph/frontend/[39mnode_modules/[4m@vitest/runner[24m/dist/index.js:1653:12[90m)[39m

 [32m✓[39m src/components/filters/__tests__/SearchFilter.test.tsx[2m > [22mSearchFilter[2m > [22mshows clear button when value is not empty[32m 58[2mms[22m[39m
 [32m✓[39m src/components/filters/__tests__/SearchFilter.test.tsx[2m > [22mSearchFilter[2m > [22mhides clear button when value is empty[32m 99[2mms[22m[39m
 [32m✓[39m src/components/filters/__tests__/CheckboxFilter.test.tsx[2m > [22mCheckboxFilter[2m > [22mcalls onChange with added value when unchecked box is clicked[33m 1138[2mms[22m[39m
 [32m✓[39m src/views/__tests__/ExplanationView.test.tsx[2m > [22mExplanationView[2m > [22mLoading state[2m > [22mshows loading spinner initially[33m 1385[2mms[22m[39m
 [32m✓[39m src/components/filters/__tests__/CheckboxFilter.test.tsx[2m > [22mCheckboxFilter[2m > [22mcalls onChange with removed value when checked box is clicked[33m 416[2mms[22m[39m
 [32m✓[39m src/views/__tests__/SourceDetailView.test.tsx[2m > [22mSourceDetailView[2m > [22mSource display[2m > [22mdisplays source title[33m 1316[2mms[22m[39m
 [32m✓[39m src/components/filters/__tests__/CheckboxFilter.test.tsx[2m > [22mCheckboxFilter[2m > [22mshows Select All and Deselect All buttons by default[32m 86[2mms[22m[39m
 [32m✓[39m src/components/filters/__tests__/CheckboxFilter.test.tsx[2m > [22mCheckboxFilter[2m > [22mhides Select All buttons when showSelectAll is false[32m 71[2mms[22m[39m
 [32m✓[39m src/views/__tests__/SourceDetailView.test.tsx[2m > [22mSourceDetailView[2m > [22mSource display[2m > [22mdisplays source kind[32m 162[2mms[22m[39m
 [32m✓[39m src/components/filters/__tests__/CheckboxFilter.test.tsx[2m > [22mCheckboxFilter[2m > [22mhides Select All buttons when only one option exists[32m 38[2mms[22m[39m
 [32m✓[39m src/views/__tests__/SourceDetailView.test.tsx[2m > [22mSourceDetailView[2m > [22mSource display[2m > [22mdisplays source year[32m 154[2mms[22m[39m
 [32m✓[39m src/components/__tests__/EvidenceTrace.test.tsx[2m > [22mEvidenceTrace[2m > [22mrenders empty message when no sources[33m 369[2mms[22m[39m
 [32m✓[39m src/components/filters/__tests__/CheckboxFilter.test.tsx[2m > [22mCheckboxFilter[2m > [22mselects all options when Select All is clicked[32m 264[2mms[22m[39m
 [32m✓[39m src/views/__tests__/SourceDetailView.test.tsx[2m > [22mSourceDetailView[2m > [22mSource display[2m > [22mdisplays trust level percentage[32m 144[2mms[22m[39m
 [32m✓[39m src/components/__tests__/EvidenceTrace.test.tsx[2m > [22mEvidenceTrace[2m > [22mrenders source chain table with all sources[33m 828[2mms[22m[39m
 [32m✓[39m src/views/__tests__/SourceDetailView.test.tsx[2m > [22mSourceDetailView[2m > [22mSource display[2m > [22mshows edit button[32m 190[2mms[22m[39m
 [32m✓[39m src/views/__tests__/CreateRelationView.test.tsx[2m > [22mCreateRelationView[2m > [22mLoading state[2m > [22mshows loading spinner while fetching data[33m 2620[2mms[22m[39m
 [32m✓[39m src/views/__tests__/SourceDetailView.test.tsx[2m > [22mSourceDetailView[2m > [22mSource display[2m > [22mshows delete button[32m 126[2mms[22m[39m
 [32m✓[39m src/components/__tests__/EvidenceTrace.test.tsx[2m > [22mEvidenceTrace[2m > [22mdisplays source metadata correctly[32m 249[2mms[22m[39m
 [32m✓[39m src/components/filters/__tests__/SearchFilter.test.tsx[2m > [22mSearchFilter[2m > [22mupdates local value immediately on typing[33m 1717[2mms[22m[39m
 [32m✓[39m src/components/filters/__tests__/CheckboxFilter.test.tsx[2m > [22mCheckboxFilter[2m > [22mdeselects all options when Deselect All is clicked[33m 446[2mms[22m[39m
 [32m✓[39m src/views/__tests__/SourceDetailView.test.tsx[2m > [22mSourceDetailView[2m > [22mRelations display[2m > [22mdisplays relations section header[32m 138[2mms[22m[39m
 [32m✓[39m src/components/__tests__/EvidenceTrace.test.tsx[2m > [22mEvidenceTrace[2m > [22mdisplays contribution percentages correctly[32m 209[2mms[22m[39m
 [32m✓[39m src/views/__tests__/SourceDetailView.test.tsx[2m > [22mSourceDetailView[2m > [22mRelations display[2m > [22mdisplays all relations[32m 114[2mms[22m[39m
 [32m✓[39m src/views/__tests__/CreateRelationView.test.tsx[2m > [22mCreateRelationView[2m > [22mLoading state[2m > [22mloads entities and sources on mount[33m 306[2mms[22m[39m
 [32m✓[39m src/components/__tests__/EvidenceTrace.test.tsx[2m > [22mEvidenceTrace[2m > [22mdisplays relation confidence correctly[32m 174[2mms[22m[39m
 [32m✓[39m src/views/__tests__/SourceDetailView.test.tsx[2m > [22mSourceDetailView[2m > [22mRelations display[2m > [22mshows view entity links for relations[32m 135[2mms[22m[39m
 [32m✓[39m src/components/filters/__tests__/CheckboxFilter.test.tsx[2m > [22mCheckboxFilter[2m > [22mdisables Select All when all options are selected[32m 114[2mms[22m[39m
 [32m✓[39m src/components/filters/__tests__/CheckboxFilter.test.tsx[2m > [22mCheckboxFilter[2m > [22mdisables Deselect All when no options are selected[32m 48[2mms[22m[39m
 [32m✓[39m src/views/__tests__/ExplanationView.test.tsx[2m > [22mExplanationView[2m > [22mError state[2m > [22mdisplays error message when API call fails[32m 285[2mms[22m[39m
 [32m✓[39m src/views/__tests__/ExplanationView.test.tsx[2m > [22mExplanationView[2m > [22mError state[2m > [22mdisplays error when entity ID is missing[32m 69[2mms[22m[39m
 [32m✓[39m src/components/__tests__/EvidenceTrace.test.tsx[2m > [22mEvidenceTrace[2m > [22mdisplays kind badges[32m 99[2mms[22m[39m
 [32m✓[39m src/views/__tests__/SourceDetailView.test.tsx[2m > [22mSourceDetailView[2m > [22mRelations display[2m > [22mshows edit buttons for each relation[32m 116[2mms[22m[39m
 [32m✓[39m src/components/filters/__tests__/CheckboxFilter.test.tsx[2m > [22mCheckboxFilter[2m > [22mhandles numeric option values[33m 306[2mms[22m[39m
 [32m✓[39m src/components/filters/__tests__/CheckboxFilter.test.tsx[2m > [22mCheckboxFilter[2m > [22mhandles empty options array[32m 10[2mms[22m[39m
 [32m✓[39m src/components/__tests__/EvidenceTrace.test.tsx[2m > [22mEvidenceTrace[2m > [22mshows supports direction with green checkmark[32m 134[2mms[22m[39m
 [32m✓[39m src/views/__tests__/SourceDetailView.test.tsx[2m > [22mSourceDetailView[2m > [22mRelations display[2m > [22mshows delete buttons for each relation[32m 99[2mms[22m[39m
 [32m✓[39m src/views/__tests__/ExplanationView.test.tsx[2m > [22mExplanationView[2m > [22mSuccessful explanation display[2m > [22mdisplays explanation header[33m 1262[2mms[22m[39m
 [32m✓[39m src/views/__tests__/ExplanationView.test.tsx[2m > [22mExplanationView[2m > [22mSuccessful explanation display[2m > [22mdisplays score chip with value[33m 313[2mms[22m[39m
 [32m✓[39m src/components/filters/__tests__/SearchFilter.test.tsx[2m > [22mSearchFilter[2m > [22mdebounces onChange calls by 300ms by default[33m 1204[2mms[22m[39m
[90mstderr[2m | src/views/__tests__/SynthesisView.test.tsx[2m > [22m[2mSynthesisView[2m > [22m[2mError state[2m > [22m[2mshows error when entity fetch fails
[22m[39mFailed to load synthesis: Error: Entity not found
    at D:/code_hdd/hyphagraph/frontend/src/views/__tests__/SynthesisView.test.tsx:139:9
    at [90mfile:///D:/code_hdd/hyphagraph/frontend/[39mnode_modules/[4m@vitest/runner[24m/dist/index.js:145:11
    at [90mfile:///D:/code_hdd/hyphagraph/frontend/[39mnode_modules/[4m@vitest/runner[24m/dist/index.js:915:26
    at [90mfile:///D:/code_hdd/hyphagraph/frontend/[39mnode_modules/[4m@vitest/runner[24m/dist/index.js:1243:20
    at new Promise (<anonymous>)
    at runWithTimeout [90m(file:///D:/code_hdd/hyphagraph/frontend/[39mnode_modules/[4m@vitest/runner[24m/dist/index.js:1209:10[90m)[39m
    at [90mfile:///D:/code_hdd/hyphagraph/frontend/[39mnode_modules/[4m@vitest/runner[24m/dist/index.js:1653:37
    at Traces.$ [90m(file:///D:/code_hdd/hyphagraph/frontend/[39mnode_modules/[4mvitest[24m/dist/chunks/traces.U4xDYhzZ.js:115:27[90m)[39m
    at trace [90m(file:///D:/code_hdd/hyphagraph/frontend/[39mnode_modules/[4mvitest[24m/dist/chunks/test.B8ej_ZHS.js:239:21[90m)[39m
    at runTest [90m(file:///D:/code_hdd/hyphagraph/frontend/[39mnode_modules/[4m@vitest/runner[24m/dist/index.js:1653:12[90m)[39m

 [32m✓[39m src/views/__tests__/CreateRelationView.test.tsx[2m > [22mCreateRelationView[2m > [22mForm rendering[2m > [22mrenders all relation fields[33m 434[2mms[22m[39m
 [32m✓[39m src/views/__tests__/ExplanationView.test.tsx[2m > [22mExplanationView[2m > [22mSuccessful explanation display[2m > [22mdisplays confidence chip with percentage[33m 316[2mms[22m[39m
 [32m✓[39m src/views/__tests__/SynthesisView.test.tsx[2m > [22mSynthesisView[2m > [22mLoading state[2m > [22mshows loading message initially[33m 1170[2mms[22m[39m
[90mstderr[2m | src/views/__tests__/SynthesisView.test.tsx[2m > [22m[2mSynthesisView[2m > [22m[2mError state[2m > [22m[2mshows error when inference fetch fails
[22m[39mFailed to load synthesis: Error: Failed to load synthesis
    at D:/code_hdd/hyphagraph/frontend/src/views/__tests__/SynthesisView.test.tsx:160:9
    at [90mfile:///D:/code_hdd/hyphagraph/frontend/[39mnode_modules/[4m@vitest/runner[24m/dist/index.js:145:11
    at [90mfile:///D:/code_hdd/hyphagraph/frontend/[39mnode_modules/[4m@vitest/runner[24m/dist/index.js:915:26
    at [90mfile:///D:/code_hdd/hyphagraph/frontend/[39mnode_modules/[4m@vitest/runner[24m/dist/index.js:1243:20
    at new Promise (<anonymous>)
    at runWithTimeout [90m(file:///D:/code_hdd/hyphagraph/frontend/[39mnode_modules/[4m@vitest/runner[24m/dist/index.js:1209:10[90m)[39m
    at [90mfile:///D:/code_hdd/hyphagraph/frontend/[39mnode_modules/[4m@vitest/runner[24m/dist/index.js:1653:37
    at Traces.$ [90m(file:///D:/code_hdd/hyphagraph/frontend/[39mnode_modules/[4mvitest[24m/dist/chunks/traces.U4xDYhzZ.js:115:27[90m)[39m
    at trace [90m(file:///D:/code_hdd/hyphagraph/frontend/[39mnode_modules/[4mvitest[24m/dist/chunks/test.B8ej_ZHS.js:239:21[90m)[39m
    at runTest [90m(file:///D:/code_hdd/hyphagraph/frontend/[39mnode_modules/[4m@vitest/runner[24m/dist/index.js:1653:12[90m)[39m

 [32m✓[39m src/views/__tests__/ExplanationView.test.tsx[2m > [22mExplanationView[2m > [22mSuccessful explanation display[2m > [22mdisplays disagreement chip[32m 266[2mms[22m[39m
 [32m✓[39m src/views/__tests__/SynthesisView.test.tsx[2m > [22mSynthesisView[2m > [22mError state[2m > [22mshows error when entity fetch fails[32m 294[2mms[22m[39m
 [32m✓[39m src/views/__tests__/SourceDetailView.test.tsx[2m > [22mSourceDetailView[2m > [22mEmpty relations[2m > [22mdisplays no relations message when empty[32m 127[2mms[22m[39m
[90mstderr[2m | src/views/__tests__/CreateSourceView.test.tsx[2m > [22m[2mCreateSourceView[2m > [22m[2mForm rendering[2m > [22m[2mrenders form with required fields
[22m[39mMUI Grid: The `item` prop has been removed and is no longer necessary. You can safely remove it.

MUI Grid: The `xs` prop has been removed. See https://mui.com/material-ui/migration/upgrade-to-grid-v2/ for migration instructions.

MUI Grid: The `sm` prop has been removed. See https://mui.com/material-ui/migration/upgrade-to-grid-v2/ for migration instructions.


 [32m✓[39m src/views/__tests__/CreateRelationView.test.tsx[2m > [22mCreateRelationView[2m > [22mForm rendering[2m > [22mrenders create button[33m 884[2mms[22m[39m
 [32m✓[39m src/views/__tests__/ExplanationView.test.tsx[2m > [22mExplanationView[2m > [22mSuccessful explanation display[2m > [22mdisplays natural language summary[32m 180[2mms[22m[39m
 [32m✓[39m src/components/filters/__tests__/SearchFilter.test.tsx[2m > [22mSearchFilter[2m > [22muses custom debounce delay when provided[33m 857[2mms[22m[39m
 [32m✓[39m src/views/__tests__/CreateRelationView.test.tsx[2m > [22mCreateRelationView[2m > [22mForm rendering[2m > [22mrenders add role button[33m 528[2mms[22m[39m
 [32m✓[39m src/views/__tests__/ExplanationView.test.tsx[2m > [22mExplanationView[2m > [22mSuccessful explanation display[2m > [22mdisplays confidence breakdown section[32m 261[2mms[22m[39m
 [32m✓[39m src/views/__tests__/SourceDetailView.test.tsx[2m > [22mSourceDetailView[2m > [22mDelete source functionality[2m > [22mopens delete confirmation dialog[33m 1093[2mms[22m[39m
 [32m✓[39m src/views/__tests__/ExplanationView.test.tsx[2m > [22mExplanationView[2m > [22mSuccessful explanation display[2m > [22mdisplays all confidence factors[32m 275[2mms[22m[39m
 [32m✓[39m src/components/__tests__/EvidenceTrace.test.tsx[2m > [22mEvidenceTrace[2m > [22mshows contradicts direction with red X[32m 108[2mms[22m[39m
 [32m✓[39m src/components/__tests__/EvidenceTrace.test.tsx[2m > [22mEvidenceTrace[2m > [22mrenders clickable source links[33m 1640[2mms[22m[39m
 [32m✓[39m src/components/__tests__/EvidenceTrace.test.tsx[2m > [22mEvidenceTrace[2m > [22mtruncates author list with "et al." when more than 3 authors[32m 56[2mms[22m[39m
 [32m✓[39m src/components/__tests__/EvidenceTrace.test.tsx[2m > [22mEvidenceTrace[2m > [22mhandles sources without authors[32m 74[2mms[22m[39m
 [32m✓[39m src/components/__tests__/EvidenceTrace.test.tsx[2m > [22mEvidenceTrace[2m > [22mhandles sources without trust level[32m 82[2mms[22m[39m
 [32m✓[39m src/views/__tests__/CreateRelationView.test.tsx[2m > [22mCreateRelationView[2m > [22mForm rendering[2m > [22mhas default confidence of 0.5[32m 257[2mms[22m[39m
 [32m✓[39m src/components/filters/__tests__/SearchFilter.test.tsx[2m > [22mSearchFilter[2m > [22mresets debounce timer on each keystroke[33m 844[2mms[22m[39m
 [32m✓[39m src/views/__tests__/SourceDetailView.test.tsx[2m > [22mSourceDetailView[2m > [22mDelete source functionality[2m > [22mcancels delete when cancel clicked[33m 732[2mms[22m[39m
 [32m✓[39m src/views/__tests__/ExplanationView.test.tsx[2m > [22mExplanationView[2m > [22mSuccessful explanation display[2m > [22mdisplays source evidence section[32m 116[2mms[22m[39m
 [32m✓[39m src/views/__tests__/CreateEntityView.test.tsx[2m > [22mCreateEntityView[2m > [22mrenders form with required fields[33m 3804[2mms[22m[39m
 [32m✓[39m src/views/__tests__/ExplanationView.test.tsx[2m > [22mExplanationView[2m > [22mSuccessful explanation display[2m > [22mrenders EvidenceTrace component[33m 643[2mms[22m[39m
[90mstderr[2m | src/views/__tests__/SynthesisView.test.tsx[2m > [22m[2mSynthesisView[2m > [22m[2mSuccessful rendering[2m > [22m[2mrenders synthesis view with entity information
[22m[39mMUI Grid: The `item` prop has been removed and is no longer necessary. You can safely remove it.

MUI Grid: The `xs` prop has been removed. See https://mui.com/material-ui/migration/upgrade-to-grid-v2/ for migration instructions.

MUI Grid: The `sm` prop has been removed. See https://mui.com/material-ui/migration/upgrade-to-grid-v2/ for migration instructions.

MUI Grid: The `md` prop has been removed. See https://mui.com/material-ui/migration/upgrade-to-grid-v2/ for migration instructions.


 [32m✓[39m src/views/__tests__/SynthesisView.test.tsx[2m > [22mSynthesisView[2m > [22mError state[2m > [22mshows error when inference fetch fails[32m 129[2mms[22m[39m
 [32m✓[39m src/views/__tests__/CreateRelationView.test.tsx[2m > [22mCreateRelationView[2m > [22mSource selection[2m > [22mpopulates source dropdown with loaded sources[33m 672[2mms[22m[39m
 [32m✓[39m src/components/__tests__/EvidenceTrace.test.tsx[2m > [22mEvidenceTrace[2m > [22mhandles sources without year[32m 56[2mms[22m[39m
 [32m✓[39m src/views/__tests__/CreateSourceView.test.tsx[2m > [22mCreateSourceView[2m > [22mForm rendering[2m > [22mrenders form with required fields[33m 4550[2mms[22m[39m
 [32m✓[39m src/views/__tests__/SourceDetailView.test.tsx[2m > [22mSourceDetailView[2m > [22mDelete source functionality[2m > [22mcalls deleteSource and navigates on confirm[33m 449[2mms[22m[39m
 [32m✓[39m src/views/__tests__/ExplanationView.test.tsx[2m > [22mExplanationView[2m > [22mScore color coding[2m > [22mshows success color for positive score > 0.3[32m 164[2mms[22m[39m
 [32m✓[39m src/views/__tests__/SynthesisView.test.tsx[2m > [22mSynthesisView[2m > [22mSuccessful rendering[2m > [22mrenders synthesis view with entity information[33m 1425[2mms[22m[39m
 [32m✓[39m src/components/__tests__/GlobalSearch.test.tsx[2m > [22mGlobalSearch[2m > [22mrenders search input field[33m 1096[2mms[22m[39m
 [32m✓[39m src/components/__tests__/GlobalSearch.test.tsx[2m > [22mGlobalSearch[2m > [22mshows search icon[32m 124[2mms[22m[39m
 [32m✓[39m src/views/__tests__/ExplanationView.test.tsx[2m > [22mExplanationView[2m > [22mScore color coding[2m > [22mshows error color for negative score < -0.3[32m 251[2mms[22m[39m
 [32m✓[39m src/views/__tests__/SourceDetailView.test.tsx[2m > [22mSourceDetailView[2m > [22mDelete relation functionality[2m > [22mopens delete relation confirmation dialog[33m 358[2mms[22m[39m
 [32m✓[39m src/views/__tests__/SynthesisView.test.tsx[2m > [22mSynthesisView[2m > [22mSuccessful rendering[2m > [22mdisplays breadcrumbs for navigation[33m 358[2mms[22m[39m
 [32m✓[39m src/views/__tests__/ExplanationView.test.tsx[2m > [22mExplanationView[2m > [22mScore color coding[2m > [22mshows warning color for neutral score[32m 259[2mms[22m[39m
 [32m✓[39m src/components/filters/__tests__/SearchFilter.test.tsx[2m > [22mSearchFilter[2m > [22mclears value and calls onChange when clear button is clicked[33m 736[2mms[22m[39m
 [32m✓[39m src/views/__tests__/ExplanationView.test.tsx[2m > [22mExplanationView[2m > [22mConfidence color coding[2m > [22mshows success color for high confidence > 0.7[32m 149[2mms[22m[39m
 [32m✓[39m src/views/__tests__/SynthesisView.test.tsx[2m > [22mSynthesisView[2m > [22mSuccessful rendering[2m > [22mincludes back button to entity detail[32m 222[2mms[22m[39m
 [32m✓[39m src/components/filters/__tests__/SearchFilter.test.tsx[2m > [22mSearchFilter[2m > [22msyncs local value with prop value when prop changes[33m 626[2mms[22m[39m
 [32m✓[39m src/views/__tests__/ExplanationView.test.tsx[2m > [22mExplanationView[2m > [22mConfidence color coding[2m > [22mshows warning color for moderate confidence[32m 134[2mms[22m[39m
 [32m✓[39m src/views/__tests__/CreateRelationView.test.tsx[2m > [22mCreateRelationView[2m > [22mSource selection[2m > [22mallows selecting a source[33m 515[2mms[22m[39m
 [32m✓[39m src/views/__tests__/SynthesisView.test.tsx[2m > [22mSynthesisView[2m > [22mStatistics overview[2m > [22mdisplays total relations count[32m 265[2mms[22m[39m
 [32m✓[39m src/views/__tests__/ExplanationView.test.tsx[2m > [22mExplanationView[2m > [22mContradiction display[2m > [22mshows contradiction warning for high disagreement > 0.5[32m 149[2mms[22m[39m
 [32m✓[39m src/components/filters/__tests__/SearchFilter.test.tsx[2m > [22mSearchFilter[2m > [22mdoes not call onChange if value has not changed after debounce[32m 217[2mms[22m[39m
 [32m✓[39m src/views/__tests__/ExplanationView.test.tsx[2m > [22mExplanationView[2m > [22mContradiction display[2m > [22mshows moderate contradiction warning for 0.1 < disagreement < 0.5[32m 201[2mms[22m[39m
 [32m✓[39m src/views/__tests__/SynthesisView.test.tsx[2m > [22mSynthesisView[2m > [22mStatistics overview[2m > [22mdisplays unique sources count[32m 272[2mms[22m[39m
 [32m✓[39m src/components/__tests__/EvidenceTrace.test.tsx[2m > [22mEvidenceTrace[2m > [22mSorting functionality[2m > [22msorts by contribution percentage by default (descending)[33m 633[2mms[22m[39m
 [32m✓[39m src/views/__tests__/SynthesisView.test.tsx[2m > [22mSynthesisView[2m > [22mStatistics overview[2m > [22mcalculates and displays average confidence[32m 145[2mms[22m[39m
 [32m✓[39m src/views/__tests__/ExplanationView.test.tsx[2m > [22mExplanationView[2m > [22mContradiction display[2m > [22mhides contradiction section for low disagreement[32m 155[2mms[22m[39m
 [32m✓[39m src/views/__tests__/CreateSourceView.test.tsx[2m > [22mCreateSourceView[2m > [22mForm rendering[2m > [22mrenders optional fields[33m 1419[2mms[22m[39m
 [32m✓[39m src/views/__tests__/SynthesisView.test.tsx[2m > [22mSynthesisView[2m > [22mStatistics overview[2m > [22mdisplays relation types count[32m 266[2mms[22m[39m
 [32m✓[39m src/views/__tests__/ExplanationView.test.tsx[2m > [22mExplanationView[2m > [22mScope filter display[2m > [22mdisplays scope filter chips when filter is applied[33m 382[2mms[22m[39m
 [32m✓[39m src/views/__tests__/CreateRelationView.test.tsx[2m > [22mCreateRelationView[2m > [22mRole management[2m > [22madds a new role when add role button clicked[33m 827[2mms[22m[39m
 [32m✓[39m src/views/__tests__/SourceDetailView.test.tsx[2m > [22mSourceDetailView[2m > [22mDelete relation functionality[2m > [22mdeletes relation and refreshes list on confirm[33m 1678[2mms[22m[39m
 [32m✓[39m src/views/__tests__/SourceDetailView.test.tsx[2m > [22mSourceDetailView[2m > [22mError state[2m > [22mshows error message when source not found[32m 8[2mms[22m[39m
 [32m✓[39m src/views/__tests__/ExplanationView.test.tsx[2m > [22mExplanationView[2m > [22mScope filter display[2m > [22mhides scope filter section when no filter applied[32m 146[2mms[22m[39m
 [32m✓[39m src/views/__tests__/SynthesisView.test.tsx[2m > [22mSynthesisView[2m > [22mQuality indicators[2m > [22mshows evidence quality overview section[32m 242[2mms[22m[39m
 [32m✓[39m src/views/__tests__/ExplanationView.test.tsx[2m > [22mExplanationView[2m > [22mScope filter display[2m > [22mhides scope filter section for empty filter object[32m 145[2mms[22m[39m
 [32m✓[39m src/views/__tests__/CreateEntityView.test.tsx[2m > [22mCreateEntityView[2m > [22mvalidates required slug field[33m 1401[2mms[22m[39m
 [32m✓[39m src/views/__tests__/SynthesisView.test.tsx[2m > [22mSynthesisView[2m > [22mQuality indicators[2m > [22mshows low confidence warning when applicable[32m 292[2mms[22m[39m
 [32m✓[39m src/views/__tests__/ExplanationView.test.tsx[2m > [22mExplanationView[2m > [22mNavigation[2m > [22mdisplays breadcrumb navigation[32m 181[2mms[22m[39m
 [32m✓[39m src/components/__tests__/GlobalSearch.test.tsx[2m > [22mGlobalSearch[2m > [22mdoes not fetch suggestions for queries shorter than 2 characters[33m 1469[2mms[22m[39m
 [32m✓[39m src/components/__tests__/EvidenceTrace.test.tsx[2m > [22mEvidenceTrace[2m > [22mSorting functionality[2m > [22mallows sorting by contribution percentage[33m 1613[2mms[22m[39m
 [32m✓[39m src/views/__tests__/SynthesisView.test.tsx[2m > [22mSynthesisView[2m > [22mQuality indicators[2m > [22mshows contradictions count when present[32m 269[2mms[22m[39m
 [32m✓[39m src/views/__tests__/ExplanationView.test.tsx[2m > [22mExplanationView[2m > [22mNavigation[2m > [22mhas link back to entity detail[32m 208[2mms[22m[39m
 [32m✓[39m src/views/__tests__/CreateSourceView.test.tsx[2m > [22mCreateSourceView[2m > [22mForm rendering[2m > [22mshows cancel button[33m 1481[2mms[22m[39m
 [32m✓[39m src/views/__tests__/CreateRelationView.test.tsx[2m > [22mCreateRelationView[2m > [22mRole management[2m > [22madds multiple roles[33m 866[2mms[22m[39m
 [32m✓[39m src/views/__tests__/SynthesisView.test.tsx[2m > [22mSynthesisView[2m > [22mQuality indicators[2m > [22mdoes not show low confidence chip when none exist[32m 178[2mms[22m[39m
 [32m✓[39m src/views/__tests__/ExplanationView.test.tsx[2m > [22mExplanationView[2m > [22mNavigation[2m > [22mhas back arrow icon that navigates to entity[32m 208[2mms[22m[39m
 [32m✓[39m src/views/__tests__/ExplanationView.test.tsx[2m > [22mExplanationView[2m > [22mNull score handling[2m > [22mdisplays N/A for null score[32m 170[2mms[22m[39m
 [32m✓[39m src/views/__tests__/SynthesisView.test.tsx[2m > [22mSynthesisView[2m > [22mRelations by kind[2m > [22mdisplays relation types as expandable accordions[32m 123[2mms[22m[39m
 [32m✓[39m src/views/__tests__/SynthesisView.test.tsx[2m > [22mSynthesisView[2m > [22mRelations by kind[2m > [22mshows relation count per kind[32m 203[2mms[22m[39m
 [32m✓[39m src/components/filters/__tests__/SearchFilter.test.tsx[2m > [22mSearchFilter[2m > [22mhandles rapid clearing and typing[33m 2127[2mms[22m[39m
 [32m✓[39m src/views/__tests__/SynthesisView.test.tsx[2m > [22mSynthesisView[2m > [22mRelations by kind[2m > [22mshows confidence percentage per kind[32m 138[2mms[22m[39m
 [32m✓[39m src/views/__tests__/SynthesisView.test.tsx[2m > [22mSynthesisView[2m > [22mRelations by kind[2m > [22mrenders clickable relation items[32m 183[2mms[22m[39m
 [32m✓[39m src/views/__tests__/SynthesisView.test.tsx[2m > [22mSynthesisView[2m > [22mKnowledge gaps[2m > [22mshows knowledge gap warning when few relation types exist[32m 145[2mms[22m[39m
 [32m✓[39m src/views/__tests__/CreateSourceView.test.tsx[2m > [22mCreateSourceView[2m > [22mForm rendering[2m > [22mhas default kind value of article[33m 919[2mms[22m[39m
 [32m✓[39m src/components/__tests__/EvidenceTrace.test.tsx[2m > [22mEvidenceTrace[2m > [22mSorting functionality[2m > [22mallows sorting by confidence[33m 840[2mms[22m[39m
 [32m✓[39m src/views/__tests__/SynthesisView.test.tsx[2m > [22mSynthesisView[2m > [22mKnowledge gaps[2m > [22mdoes not show knowledge gap when sufficient relation types exist[32m 193[2mms[22m[39m
 [32m✓[39m src/views/__tests__/SynthesisView.test.tsx[2m > [22mSynthesisView[2m > [22mAction buttons[2m > [22mshows view disagreements button when contradictions exist[32m 248[2mms[22m[39m
 [32m✓[39m src/views/__tests__/CreateRelationView.test.tsx[2m > [22mCreateRelationView[2m > [22mRole management[2m > [22mremoves a role when delete button clicked[33m 1848[2mms[22m[39m
 [32m✓[39m src/components/__tests__/EvidenceTrace.test.tsx[2m > [22mEvidenceTrace[2m > [22mSorting functionality[2m > [22mallows sorting by year[33m 1140[2mms[22m[39m
 [32m✓[39m src/views/__tests__/CreateEntityView.test.tsx[2m > [22mCreateEntityView[2m > [22msubmits form with valid data[33m 2311[2mms[22m[39m
 [32m✓[39m src/views/__tests__/CreateEntityView.test.tsx[2m > [22mCreateEntityView[2m > [22mhandles API errors gracefully[33m 2299[2mms[22m[39m
 [32m✓[39m src/components/__tests__/GlobalSearch.test.tsx[2m > [22mGlobalSearch[2m > [22mfetches suggestions for queries with 2+ characters[33m 2378[2mms[22m[39m
 [32m✓[39m src/views/__tests__/SynthesisView.test.tsx[2m > [22mSynthesisView[2m > [22mAction buttons[2m > [22mnavigates to disagreements view when button clicked[33m 881[2mms[22m[39m
 [32m✓[39m src/views/__tests__/SynthesisView.test.tsx[2m > [22mSynthesisView[2m > [22mAction buttons[2m > [22mnavigates back to entity detail when back button clicked[33m 570[2mms[22m[39m
 [32m✓[39m src/views/__tests__/CreateSourceView.test.tsx[2m > [22mCreateSourceView[2m > [22mForm rendering[2m > [22mhas default trust level of 0.5[33m 999[2mms[22m[39m
 [32m✓[39m src/views/__tests__/SynthesisView.test.tsx[2m > [22mSynthesisView[2m > [22mNo data state[2m > [22mshows no data message when no relations exist[32m 129[2mms[22m[39m
 [32m✓[39m src/views/__tests__/SynthesisView.test.tsx[2m > [22mSynthesisView[2m > [22mNo data state[2m > [22mdoes not show statistics when no data[32m 77[2mms[22m[39m
 [32m✓[39m src/views/__tests__/CreateRelationView.test.tsx[2m > [22mCreateRelationView[2m > [22mRole management[2m > [22mpopulates entity dropdown in role[33m 846[2mms[22m[39m
 [32m✓[39m src/components/__tests__/EvidenceTrace.test.tsx[2m > [22mEvidenceTrace[2m > [22mSorting functionality[2m > [22mallows sorting by trust[33m 1091[2mms[22m[39m
 [32m✓[39m src/components/__tests__/EvidenceTrace.test.tsx[2m > [22mEvidenceTrace[2m > [22mSorting functionality[2m > [22mtoggles sort direction on repeated clicks[33m 1178[2mms[22m[39m
 [32m✓[39m src/components/__tests__/GlobalSearch.test.tsx[2m > [22mGlobalSearch[2m > [22mdisplays suggestions in dropdown[33m 1832[2mms[22m[39m
 [32m✓[39m src/views/__tests__/CreateRelationView.test.tsx[2m > [22mCreateRelationView[2m > [22mRole management[2m > [22mupdates role entity[33m 1175[2mms[22m[39m
 [32m✓[39m src/components/__tests__/EvidenceTrace.test.tsx[2m > [22mEvidenceTrace[2m > [22mTable structure[2m > [22mhas correct table headers[32m 203[2mms[22m[39m
 [32m✓[39m src/views/__tests__/CreateRelationView.test.tsx[2m > [22mCreateRelationView[2m > [22mRole management[2m > [22mupdates role type[33m 901[2mms[22m[39m
 [32m✓[39m src/components/__tests__/EvidenceTrace.test.tsx[2m > [22mEvidenceTrace[2m > [22mTable structure[2m > [22mhas correct number of rows[33m 363[2mms[22m[39m
[90mstderr[2m | src/views/__tests__/EntityDetailView.test.tsx[2m > [22m[2mEntityDetailView[2m > [22m[2mEntity display[2m > [22m[2mdisplays entity slug and kind
[22m[39mFailed to load source src-1: TypeError: localStorage.getItem is not a function
    at apiFetch (D:/code_hdd/hyphagraph/frontend/src/api/client.tsx:55:30)
    at getSource (D:/code_hdd/hyphagraph/frontend/src/api/sources.ts:80:10)
    at D:/code_hdd/hyphagraph/frontend/src/views/EntityDetailView.tsx:148:28
    at Array.map (<anonymous>)
    at D:/code_hdd/hyphagraph/frontend/src/views/EntityDetailView.tsx:146:56
[90m    at processTicksAndRejections (node:internal/process/task_queues:103:5)[39m

(node:38456) Warning: `--localstorage-file` was provided without a valid path
(Use `node --trace-warnings ...` to show where the warning was created)
 [32m✓[39m src/views/__tests__/CreateSourceView.test.tsx[2m > [22mCreateSourceView[2m > [22mForm validation[2m > [22mvalidates required title field[33m 1873[2mms[22m[39m
 [32m✓[39m src/components/__tests__/EvidenceTrace.test.tsx[2m > [22mEvidenceTrace[2m > [22mAccessibility[2m > [22mhas accessible table structure[33m 758[2mms[22m[39m
 [32m✓[39m src/components/__tests__/EvidenceTrace.test.tsx[2m > [22mEvidenceTrace[2m > [22mAccessibility[2m > [22mhas accessible links[33m 638[2mms[22m[39m
 [32m✓[39m src/components/__tests__/GlobalSearch.test.tsx[2m > [22mGlobalSearch[2m > [22mnavigates to entity detail when entity suggestion is selected[33m 2171[2mms[22m[39m
 [32m✓[39m src/views/__tests__/CreateRelationView.test.tsx[2m > [22mCreateRelationView[2m > [22mForm submission[2m > [22msubmits relation with all fields[33m 1943[2mms[22m[39m
 [32m✓[39m src/views/__tests__/EntityDetailView.test.tsx[2m > [22mEntityDetailView[2m > [22mLoading state[2m > [22mshows loading spinner initially[33m 1268[2mms[22m[39m
[90mstderr[2m | src/views/__tests__/EntityDetailView.test.tsx[2m > [22m[2mEntityDetailView[2m > [22m[2mEntity display[2m > [22m[2mdisplays entity slug and kind
[22m[39mFailed to load terms: TypeError: localStorage.getItem is not a function
    at apiFetch (D:/code_hdd/hyphagraph/frontend/src/api/client.tsx:55:30)
    at listEntityTerms (D:/code_hdd/hyphagraph/frontend/src/api/entityTerms.ts:26:10)
    at loadTerms (D:/code_hdd/hyphagraph/frontend/src/components/EntityTermsDisplay.tsx:43:28)
    at D:/code_hdd/hyphagraph/frontend/src/components/EntityTermsDisplay.tsx:53:5
    at commitHookEffectListMount [90m(D:\code_hdd\hyphagraph\frontend\[39mnode_modules\[4mreact-dom[24m\cjs\react-dom.development.js:23189:26[90m)[39m
    at commitPassiveMountOnFiber [90m(D:\code_hdd\hyphagraph\frontend\[39mnode_modules\[4mreact-dom[24m\cjs\react-dom.development.js:24970:11[90m)[39m
    at commitPassiveMountEffects_complete [90m(D:\code_hdd\hyphagraph\frontend\[39mnode_modules\[4mreact-dom[24m\cjs\react-dom.development.js:24930:9[90m)[39m
    at commitPassiveMountEffects_begin [90m(D:\code_hdd\hyphagraph\frontend\[39mnode_modules\[4mreact-dom[24m\cjs\react-dom.development.js:24917:7[90m)[39m
    at commitPassiveMountEffects [90m(D:\code_hdd\hyphagraph\frontend\[39mnode_modules\[4mreact-dom[24m\cjs\react-dom.development.js:24905:3[90m)[39m
    at flushPassiveEffectsImpl [90m(D:\code_hdd\hyphagraph\frontend\[39mnode_modules\[4mreact-dom[24m\cjs\react-dom.development.js:27078:3[90m)[39m

[90mstderr[2m | src/views/__tests__/EntityDetailView.test.tsx[2m > [22m[2mEntityDetailView[2m > [22m[2mEntity display[2m > [22m[2mshows edit button
[22m[39mFailed to load source src-1: TypeError: localStorage.getItem is not a function
    at apiFetch (D:/code_hdd/hyphagraph/frontend/src/api/client.tsx:55:30)
    at getSource (D:/code_hdd/hyphagraph/frontend/src/api/sources.ts:80:10)
    at D:/code_hdd/hyphagraph/frontend/src/views/EntityDetailView.tsx:148:28
    at Array.map (<anonymous>)
    at D:/code_hdd/hyphagraph/frontend/src/views/EntityDetailView.tsx:146:56

 [32m✓[39m src/views/__tests__/CreateRelationView.test.tsx[2m > [22mCreateRelationView[2m > [22mForm submission[2m > [22mresets form after successful submission[33m 443[2mms[22m[39m
 [32m✓[39m src/views/__tests__/CreateSourceView.test.tsx[2m > [22mCreateSourceView[2m > [22mForm validation[2m > [22mvalidates required url field[33m 2155[2mms[22m[39m
 [32m✓[39m src/views/__tests__/CreateRelationView.test.tsx[2m > [22mCreateRelationView[2m > [22mForm submission[2m > [22mdisplays error message on submission failure[33m 911[2mms[22m[39m
 [32m✓[39m src/views/__tests__/EntityDetailView.test.tsx[2m > [22mEntityDetailView[2m > [22mEntity display[2m > [22mdisplays entity slug and kind[33m 1820[2mms[22m[39m
[90mstderr[2m | src/views/__tests__/EntityDetailView.test.tsx[2m > [22m[2mEntityDetailView[2m > [22m[2mEntity display[2m > [22m[2mshows edit button
[22m[39mFailed to load terms: TypeError: localStorage.getItem is not a function
    at apiFetch (D:/code_hdd/hyphagraph/frontend/src/api/client.tsx:55:30)
    at listEntityTerms (D:/code_hdd/hyphagraph/frontend/src/api/entityTerms.ts:26:10)
    at loadTerms (D:/code_hdd/hyphagraph/frontend/src/components/EntityTermsDisplay.tsx:43:28)
    at D:/code_hdd/hyphagraph/frontend/src/components/EntityTermsDisplay.tsx:53:5
    at commitHookEffectListMount [90m(D:\code_hdd\hyphagraph\frontend\[39mnode_modules\[4mreact-dom[24m\cjs\react-dom.development.js:23189:26[90m)[39m
    at commitPassiveMountOnFiber [90m(D:\code_hdd\hyphagraph\frontend\[39mnode_modules\[4mreact-dom[24m\cjs\react-dom.development.js:24970:11[90m)[39m
    at commitPassiveMountEffects_complete [90m(D:\code_hdd\hyphagraph\frontend\[39mnode_modules\[4mreact-dom[24m\cjs\react-dom.development.js:24930:9[90m)[39m
    at commitPassiveMountEffects_begin [90m(D:\code_hdd\hyphagraph\frontend\[39mnode_modules\[4mreact-dom[24m\cjs\react-dom.development.js:24917:7[90m)[39m
    at commitPassiveMountEffects [90m(D:\code_hdd\hyphagraph\frontend\[39mnode_modules\[4mreact-dom[24m\cjs\react-dom.development.js:24905:3[90m)[39m
    at flushPassiveEffectsImpl [90m(D:\code_hdd\hyphagraph\frontend\[39mnode_modules\[4mreact-dom[24m\cjs\react-dom.development.js:27078:3[90m)[39m

[90mstderr[2m | src/views/__tests__/EntityDetailView.test.tsx[2m > [22m[2mEntityDetailView[2m > [22m[2mEntity display[2m > [22m[2mshows delete button
[22m[39mFailed to load source src-1: TypeError: localStorage.getItem is not a function
    at apiFetch (D:/code_hdd/hyphagraph/frontend/src/api/client.tsx:55:30)
    at getSource (D:/code_hdd/hyphagraph/frontend/src/api/sources.ts:80:10)
    at D:/code_hdd/hyphagraph/frontend/src/views/EntityDetailView.tsx:148:28
    at Array.map (<anonymous>)
    at D:/code_hdd/hyphagraph/frontend/src/views/EntityDetailView.tsx:146:56

 [32m✓[39m src/views/__tests__/CreateRelationView.test.tsx[2m > [22mCreateRelationView[2m > [22mForm submission[2m > [22mdisables submit button while submitting[33m 497[2mms[22m[39m
 [32m✓[39m src/views/__tests__/CreateRelationView.test.tsx[2m > [22mCreateRelationView[2m > [22mQuery parameter pre-fill[2m > [22mpre-fills role from entity_id query parameter[33m 323[2mms[22m[39m
 [32m✓[39m src/components/__tests__/GlobalSearch.test.tsx[2m > [22mGlobalSearch[2m > [22mnavigates to source detail when source suggestion is selected[33m 2397[2mms[22m[39m
 [32m✓[39m src/views/__tests__/CreateRelationView.test.tsx[2m > [22mCreateRelationView[2m > [22mRelation fields[2m > [22mupdates kind field[32m 240[2mms[22m[39m
 [32m✓[39m src/views/__tests__/CreateRelationView.test.tsx[2m > [22mCreateRelationView[2m > [22mRelation fields[2m > [22mupdates direction field[33m 401[2mms[22m[39m
 [32m✓[39m src/views/__tests__/CreateRelationView.test.tsx[2m > [22mCreateRelationView[2m > [22mRelation fields[2m > [22mupdates confidence field[32m 269[2mms[22m[39m
 [32m✓[39m src/components/__tests__/GlobalSearch.test.tsx[2m > [22mGlobalSearch[2m > [22mnavigates to search page when Enter is pressed without selecting[33m 914[2mms[22m[39m
 [32m✓[39m src/views/__tests__/EntityDetailView.test.tsx[2m > [22mEntityDetailView[2m > [22mEntity display[2m > [22mshows edit button[33m 1540[2mms[22m[39m
[90mstderr[2m | src/views/__tests__/EntityDetailView.test.tsx[2m > [22m[2mEntityDetailView[2m > [22m[2mEntity display[2m > [22m[2mshows delete button
[22m[39mFailed to load terms: TypeError: localStorage.getItem is not a function
    at apiFetch (D:/code_hdd/hyphagraph/frontend/src/api/client.tsx:55:30)
    at listEntityTerms (D:/code_hdd/hyphagraph/frontend/src/api/entityTerms.ts:26:10)
    at loadTerms (D:/code_hdd/hyphagraph/frontend/src/components/EntityTermsDisplay.tsx:43:28)
    at D:/code_hdd/hyphagraph/frontend/src/components/EntityTermsDisplay.tsx:53:5
    at commitHookEffectListMount [90m(D:\code_hdd\hyphagraph\frontend\[39mnode_modules\[4mreact-dom[24m\cjs\react-dom.development.js:23189:26[90m)[39m
    at commitPassiveMountOnFiber [90m(D:\code_hdd\hyphagraph\frontend\[39mnode_modules\[4mreact-dom[24m\cjs\react-dom.development.js:24970:11[90m)[39m
    at commitPassiveMountEffects_complete [90m(D:\code_hdd\hyphagraph\frontend\[39mnode_modules\[4mreact-dom[24m\cjs\react-dom.development.js:24930:9[90m)[39m
    at commitPassiveMountEffects_begin [90m(D:\code_hdd\hyphagraph\frontend\[39mnode_modules\[4mreact-dom[24m\cjs\react-dom.development.js:24917:7[90m)[39m
    at commitPassiveMountEffects [90m(D:\code_hdd\hyphagraph\frontend\[39mnode_modules\[4mreact-dom[24m\cjs\react-dom.development.js:24905:3[90m)[39m
    at flushPassiveEffectsImpl [90m(D:\code_hdd\hyphagraph\frontend\[39mnode_modules\[4mreact-dom[24m\cjs\react-dom.development.js:27078:3[90m)[39m

[90mstderr[2m | src/views/__tests__/EntityDetailView.test.tsx[2m > [22m[2mEntityDetailView[2m > [22m[2mEntity display[2m > [22m[2mshows create relation button
[22m[39mFailed to load source src-1: TypeError: localStorage.getItem is not a function
    at apiFetch (D:/code_hdd/hyphagraph/frontend/src/api/client.tsx:55:30)
    at getSource (D:/code_hdd/hyphagraph/frontend/src/api/sources.ts:80:10)
    at D:/code_hdd/hyphagraph/frontend/src/views/EntityDetailView.tsx:148:28
    at Array.map (<anonymous>)
    at D:/code_hdd/hyphagraph/frontend/src/views/EntityDetailView.tsx:146:56

 [32m✓[39m src/views/__tests__/CreateSourceView.test.tsx[2m > [22mCreateSourceView[2m > [22mForm validation[2m > [22mdoes not show error when both required fields are filled[33m 2346[2mms[22m[39m
 [32m✓[39m src/views/__tests__/EntityDetailView.test.tsx[2m > [22mEntityDetailView[2m > [22mEntity display[2m > [22mshows delete button[33m 1667[2mms[22m[39m
[90mstderr[2m | src/views/__tests__/EntityDetailView.test.tsx[2m > [22m[2mEntityDetailView[2m > [22m[2mEntity display[2m > [22m[2mshows create relation button
[22m[39mFailed to load terms: TypeError: localStorage.getItem is not a function
    at apiFetch (D:/code_hdd/hyphagraph/frontend/src/api/client.tsx:55:30)
    at listEntityTerms (D:/code_hdd/hyphagraph/frontend/src/api/entityTerms.ts:26:10)
    at loadTerms (D:/code_hdd/hyphagraph/frontend/src/components/EntityTermsDisplay.tsx:43:28)
    at D:/code_hdd/hyphagraph/frontend/src/components/EntityTermsDisplay.tsx:53:5
    at commitHookEffectListMount [90m(D:\code_hdd\hyphagraph\frontend\[39mnode_modules\[4mreact-dom[24m\cjs\react-dom.development.js:23189:26[90m)[39m
    at commitPassiveMountOnFiber [90m(D:\code_hdd\hyphagraph\frontend\[39mnode_modules\[4mreact-dom[24m\cjs\react-dom.development.js:24970:11[90m)[39m
    at commitPassiveMountEffects_complete [90m(D:\code_hdd\hyphagraph\frontend\[39mnode_modules\[4mreact-dom[24m\cjs\react-dom.development.js:24930:9[90m)[39m
    at commitPassiveMountEffects_begin [90m(D:\code_hdd\hyphagraph\frontend\[39mnode_modules\[4mreact-dom[24m\cjs\react-dom.development.js:24917:7[90m)[39m
    at commitPassiveMountEffects [90m(D:\code_hdd\hyphagraph\frontend\[39mnode_modules\[4mreact-dom[24m\cjs\react-dom.development.js:24905:3[90m)[39m
    at flushPassiveEffectsImpl [90m(D:\code_hdd\hyphagraph\frontend\[39mnode_modules\[4mreact-dom[24m\cjs\react-dom.development.js:27078:3[90m)[39m

[90mstderr[2m | src/views/__tests__/EntityDetailView.test.tsx[2m > [22m[2mEntityDetailView[2m > [22m[2mEntity display[2m > [22m[2mdisplays inference section
[22m[39mFailed to load source src-1: TypeError: localStorage.getItem is not a function
    at apiFetch (D:/code_hdd/hyphagraph/frontend/src/api/client.tsx:55:30)
    at getSource (D:/code_hdd/hyphagraph/frontend/src/api/sources.ts:80:10)
    at D:/code_hdd/hyphagraph/frontend/src/views/EntityDetailView.tsx:148:28
    at Array.map (<anonymous>)
    at D:/code_hdd/hyphagraph/frontend/src/views/EntityDetailView.tsx:146:56

 [32m✓[39m src/views/__tests__/EntityDetailView.test.tsx[2m > [22mEntityDetailView[2m > [22mEntity display[2m > [22mshows create relation button[33m 347[2mms[22m[39m
[90mstderr[2m | src/views/__tests__/EntityDetailView.test.tsx[2m > [22m[2mEntityDetailView[2m > [22m[2mEntity display[2m > [22m[2mdisplays inference section
[22m[39mFailed to load terms: TypeError: localStorage.getItem is not a function
    at apiFetch (D:/code_hdd/hyphagraph/frontend/src/api/client.tsx:55:30)
    at listEntityTerms (D:/code_hdd/hyphagraph/frontend/src/api/entityTerms.ts:26:10)
    at loadTerms (D:/code_hdd/hyphagraph/frontend/src/components/EntityTermsDisplay.tsx:43:28)
    at D:/code_hdd/hyphagraph/frontend/src/components/EntityTermsDisplay.tsx:53:5
    at commitHookEffectListMount [90m(D:\code_hdd\hyphagraph\frontend\[39mnode_modules\[4mreact-dom[24m\cjs\react-dom.development.js:23189:26[90m)[39m
    at commitPassiveMountOnFiber [90m(D:\code_hdd\hyphagraph\frontend\[39mnode_modules\[4mreact-dom[24m\cjs\react-dom.development.js:24970:11[90m)[39m
    at commitPassiveMountEffects_complete [90m(D:\code_hdd\hyphagraph\frontend\[39mnode_modules\[4mreact-dom[24m\cjs\react-dom.development.js:24930:9[90m)[39m
    at commitPassiveMountEffects_begin [90m(D:\code_hdd\hyphagraph\frontend\[39mnode_modules\[4mreact-dom[24m\cjs\react-dom.development.js:24917:7[90m)[39m
    at commitPassiveMountEffects [90m(D:\code_hdd\hyphagraph\frontend\[39mnode_modules\[4mreact-dom[24m\cjs\react-dom.development.js:24905:3[90m)[39m
    at flushPassiveEffectsImpl [90m(D:\code_hdd\hyphagraph\frontend\[39mnode_modules\[4mreact-dom[24m\cjs\react-dom.development.js:27078:3[90m)[39m

[90mstderr[2m | src/views/__tests__/EntityDetailView.test.tsx[2m > [22m[2mEntityDetailView[2m > [22m[2mDelete functionality[2m > [22m[2mopens delete confirmation dialog
[22m[39mFailed to load source src-1: TypeError: localStorage.getItem is not a function
    at apiFetch (D:/code_hdd/hyphagraph/frontend/src/api/client.tsx:55:30)
    at getSource (D:/code_hdd/hyphagraph/frontend/src/api/sources.ts:80:10)
    at D:/code_hdd/hyphagraph/frontend/src/views/EntityDetailView.tsx:148:28
    at Array.map (<anonymous>)
    at D:/code_hdd/hyphagraph/frontend/src/views/EntityDetailView.tsx:146:56

 [32m✓[39m src/components/__tests__/GlobalSearch.test.tsx[2m > [22mGlobalSearch[2m > [22mclears input after selecting a suggestion[33m 1939[2mms[22m[39m
[90mstderr[2m | src/views/__tests__/EntityDetailView.test.tsx[2m > [22m[2mEntityDetailView[2m > [22m[2mDelete functionality[2m > [22m[2mopens delete confirmation dialog
[22m[39mFailed to load terms: TypeError: localStorage.getItem is not a function
    at apiFetch (D:/code_hdd/hyphagraph/frontend/src/api/client.tsx:55:30)
    at listEntityTerms (D:/code_hdd/hyphagraph/frontend/src/api/entityTerms.ts:26:10)
    at loadTerms (D:/code_hdd/hyphagraph/frontend/src/components/EntityTermsDisplay.tsx:43:28)
    at D:/code_hdd/hyphagraph/frontend/src/components/EntityTermsDisplay.tsx:53:5
    at commitHookEffectListMount [90m(D:\code_hdd\hyphagraph\frontend\[39mnode_modules\[4mreact-dom[24m\cjs\react-dom.development.js:23189:26[90m)[39m
    at commitPassiveMountOnFiber [90m(D:\code_hdd\hyphagraph\frontend\[39mnode_modules\[4mreact-dom[24m\cjs\react-dom.development.js:24970:11[90m)[39m
    at commitPassiveMountEffects_complete [90m(D:\code_hdd\hyphagraph\frontend\[39mnode_modules\[4mreact-dom[24m\cjs\react-dom.development.js:24930:9[90m)[39m
    at commitPassiveMountEffects_begin [90m(D:\code_hdd\hyphagraph\frontend\[39mnode_modules\[4mreact-dom[24m\cjs\react-dom.development.js:24917:7[90m)[39m
    at commitPassiveMountEffects [90m(D:\code_hdd\hyphagraph\frontend\[39mnode_modules\[4mreact-dom[24m\cjs\react-dom.development.js:24905:3[90m)[39m
    at flushPassiveEffectsImpl [90m(D:\code_hdd\hyphagraph\frontend\[39mnode_modules\[4mreact-dom[24m\cjs\react-dom.development.js:27078:3[90m)[39m

 [32m✓[39m src/views/__tests__/EntityDetailView.test.tsx[2m > [22mEntityDetailView[2m > [22mEntity display[2m > [22mdisplays inference section[32m 274[2mms[22m[39m
[90mstderr[2m | src/views/__tests__/EntityDetailView.test.tsx[2m > [22m[2mEntityDetailView[2m > [22m[2mDelete functionality[2m > [22m[2mcancels delete when cancel clicked
[22m[39mFailed to load source src-1: TypeError: localStorage.getItem is not a function
    at apiFetch (D:/code_hdd/hyphagraph/frontend/src/api/client.tsx:55:30)
    at getSource (D:/code_hdd/hyphagraph/frontend/src/api/sources.ts:80:10)
    at D:/code_hdd/hyphagraph/frontend/src/views/EntityDetailView.tsx:148:28
    at Array.map (<anonymous>)
    at D:/code_hdd/hyphagraph/frontend/src/views/EntityDetailView.tsx:146:56

[90mstderr[2m | src/components/__tests__/GlobalSearch.test.tsx[2m > [22m[2mGlobalSearch[2m > [22m[2mshows loading indicator while fetching suggestions
[22m[39mWarning: An update to GlobalSearch inside a test was not wrapped in act(...).

When testing, code that causes React state updates should be wrapped into act(...):

act(() => {
  /* fire events that update state */
});
/* assert on the output */

This ensures that you're testing the behavior the user would see in the browser. Learn more at https://reactjs.org/link/wrap-tests-with-act
    at GlobalSearch (D:/code_hdd/hyphagraph/frontend/src/components/GlobalSearch.tsx:20:73)
    at Router (D:\code_hdd\hyphagraph\frontend\node_modules\react-router\dist\development\chunk-SZQUWNVJ.js:9239:13)
    at BrowserRouter (D:\code_hdd\hyphagraph\frontend\node_modules\react-router\dist\development\chunk-2JY4UAJA.js:270:3)
Warning: An update to GlobalSearch inside a test was not wrapped in act(...).

When testing, code that causes React state updates should be wrapped into act(...):

act(() => {
  /* fire events that update state */
});
/* assert on the output */

This ensures that you're testing the behavior the user would see in the browser. Learn more at https://reactjs.org/link/wrap-tests-with-act
    at GlobalSearch (D:/code_hdd/hyphagraph/frontend/src/components/GlobalSearch.tsx:20:73)
    at Router (D:\code_hdd\hyphagraph\frontend\node_modules\react-router\dist\development\chunk-SZQUWNVJ.js:9239:13)
    at BrowserRouter (D:\code_hdd\hyphagraph\frontend\node_modules\react-router\dist\development\chunk-2JY4UAJA.js:270:3)

 [32m✓[39m src/views/__tests__/CreateSourceView.test.tsx[2m > [22mCreateSourceView[2m > [22mForm submission[2m > [22msubmits form with required fields only[33m 2727[2mms[22m[39m
 [32m✓[39m src/components/__tests__/GlobalSearch.test.tsx[2m > [22mGlobalSearch[2m > [22mshows loading indicator while fetching suggestions[33m 1426[2mms[22m[39m
 [32m✓[39m src/components/__tests__/GlobalSearch.test.tsx[2m > [22mGlobalSearch[2m > [22mhandles API errors gracefully[33m 989[2mms[22m[39m
[90mstderr[2m | src/views/__tests__/EntityDetailView.test.tsx[2m > [22m[2mEntityDetailView[2m > [22m[2mDelete functionality[2m > [22m[2mcancels delete when cancel clicked
[22m[39mFailed to load terms: TypeError: localStorage.getItem is not a function
    at apiFetch (D:/code_hdd/hyphagraph/frontend/src/api/client.tsx:55:30)
    at listEntityTerms (D:/code_hdd/hyphagraph/frontend/src/api/entityTerms.ts:26:10)
    at loadTerms (D:/code_hdd/hyphagraph/frontend/src/components/EntityTermsDisplay.tsx:43:28)
    at D:/code_hdd/hyphagraph/frontend/src/components/EntityTermsDisplay.tsx:53:5
    at commitHookEffectListMount [90m(D:\code_hdd\hyphagraph\frontend\[39mnode_modules\[4mreact-dom[24m\cjs\react-dom.development.js:23189:26[90m)[39m
    at commitPassiveMountOnFiber [90m(D:\code_hdd\hyphagraph\frontend\[39mnode_modules\[4mreact-dom[24m\cjs\react-dom.development.js:24970:11[90m)[39m
    at commitPassiveMountEffects_complete [90m(D:\code_hdd\hyphagraph\frontend\[39mnode_modules\[4mreact-dom[24m\cjs\react-dom.development.js:24930:9[90m)[39m
    at commitPassiveMountEffects_begin [90m(D:\code_hdd\hyphagraph\frontend\[39mnode_modules\[4mreact-dom[24m\cjs\react-dom.development.js:24917:7[90m)[39m
    at commitPassiveMountEffects [90m(D:\code_hdd\hyphagraph\frontend\[39mnode_modules\[4mreact-dom[24m\cjs\react-dom.development.js:24905:3[90m)[39m
    at flushPassiveEffectsImpl [90m(D:\code_hdd\hyphagraph\frontend\[39mnode_modules\[4mreact-dom[24m\cjs\react-dom.development.js:27078:3[90m)[39m

 [32m✓[39m src/views/__tests__/EntityDetailView.test.tsx[2m > [22mEntityDetailView[2m > [22mDelete functionality[2m > [22mopens delete confirmation dialog[33m 1842[2mms[22m[39m
[90mstderr[2m | src/views/__tests__/EntityDetailView.test.tsx[2m > [22m[2mEntityDetailView[2m > [22m[2mDelete functionality[2m > [22m[2mcalls deleteEntity and navigates on confirm
[22m[39mFailed to load source src-1: TypeError: localStorage.getItem is not a function
    at apiFetch (D:/code_hdd/hyphagraph/frontend/src/api/client.tsx:55:30)
    at getSource (D:/code_hdd/hyphagraph/frontend/src/api/sources.ts:80:10)
    at D:/code_hdd/hyphagraph/frontend/src/views/EntityDetailView.tsx:148:28
    at Array.map (<anonymous>)
    at D:/code_hdd/hyphagraph/frontend/src/views/EntityDetailView.tsx:146:56

 [32m✓[39m src/components/__tests__/GlobalSearch.test.tsx[2m > [22mGlobalSearch[2m > [22mdisplays entity type chip for entity suggestions[33m 1382[2mms[22m[39m
[90mstderr[2m | src/views/__tests__/EntityDetailView.test.tsx[2m > [22m[2mEntityDetailView[2m > [22m[2mDelete functionality[2m > [22m[2mcalls deleteEntity and navigates on confirm
[22m[39mFailed to load terms: TypeError: localStorage.getItem is not a function
    at apiFetch (D:/code_hdd/hyphagraph/frontend/src/api/client.tsx:55:30)
    at listEntityTerms (D:/code_hdd/hyphagraph/frontend/src/api/entityTerms.ts:26:10)
    at loadTerms (D:/code_hdd/hyphagraph/frontend/src/components/EntityTermsDisplay.tsx:43:28)
    at D:/code_hdd/hyphagraph/frontend/src/components/EntityTermsDisplay.tsx:53:5
    at commitHookEffectListMount [90m(D:\code_hdd\hyphagraph\frontend\[39mnode_modules\[4mreact-dom[24m\cjs\react-dom.development.js:23189:26[90m)[39m
    at commitPassiveMountOnFiber [90m(D:\code_hdd\hyphagraph\frontend\[39mnode_modules\[4mreact-dom[24m\cjs\react-dom.development.js:24970:11[90m)[39m
    at commitPassiveMountEffects_complete [90m(D:\code_hdd\hyphagraph\frontend\[39mnode_modules\[4mreact-dom[24m\cjs\react-dom.development.js:24930:9[90m)[39m
    at commitPassiveMountEffects_begin [90m(D:\code_hdd\hyphagraph\frontend\[39mnode_modules\[4mreact-dom[24m\cjs\react-dom.development.js:24917:7[90m)[39m
    at commitPassiveMountEffects [90m(D:\code_hdd\hyphagraph\frontend\[39mnode_modules\[4mreact-dom[24m\cjs\react-dom.development.js:24905:3[90m)[39m
    at flushPassiveEffectsImpl [90m(D:\code_hdd\hyphagraph\frontend\[39mnode_modules\[4mreact-dom[24m\cjs\react-dom.development.js:27078:3[90m)[39m

 [32m✓[39m src/views/__tests__/EntityDetailView.test.tsx[2m > [22mEntityDetailView[2m > [22mDelete functionality[2m > [22mcancels delete when cancel clicked[33m 1850[2mms[22m[39m
 [32m✓[39m src/hooks/__tests__/usePersistedFilters.test.ts[2m > [22musePersistedFilters[2m > [22minitializes with empty filters when localStorage is empty[32m 113[2mms[22m[39m
[90mstderr[2m | src/hooks/__tests__/usePersistedFilters.test.ts[2m > [22m[2musePersistedFilters[2m > [22m[2mhandles corrupted localStorage data gracefully
[22m[39mFailed to load filters from localStorage (key: test-filters): SyntaxError: Unexpected token 'i', "invalid json{" is not valid JSON
    at JSON.parse (<anonymous>)
    at loadFiltersFromStorage (D:/code_hdd/hyphagraph/frontend/src/hooks/usePersistedFilters.ts:41:17)
    at D:/code_hdd/hyphagraph/frontend/src/hooks/usePersistedFilters.ts:87:5
    at mountState [90m(D:\code_hdd\hyphagraph\frontend\[39mnode_modules\[4mreact-dom[24m\cjs\react-dom.development.js:16167:20[90m)[39m
    at Object.useState [90m(D:\code_hdd\hyphagraph\frontend\[39mnode_modules\[4mreact-dom[24m\cjs\react-dom.development.js:16880:16[90m)[39m
    at useState [90m(D:\code_hdd\hyphagraph\frontend\[39mnode_modules\[4mreact[24m\cjs\react.development.js:1622:21[90m)[39m
    at usePersistedFilters (D:/code_hdd/hyphagraph/frontend/src/hooks/usePersistedFilters.ts:86:33)
    at D:/code_hdd/hyphagraph/frontend/src/hooks/__tests__/usePersistedFilters.test.ts:128:41
    at TestComponent [90m(D:\code_hdd\hyphagraph\frontend\[39mnode_modules\[4m@testing-library\react[24m\dist\pure.js:330:27[90m)[39m
    at renderWithHooks [90m(D:\code_hdd\hyphagraph\frontend\[39mnode_modules\[4mreact-dom[24m\cjs\react-dom.development.js:15486:18[90m)[39m

 [32m✓[39m src/hooks/__tests__/usePersistedFilters.test.ts[2m > [22musePersistedFilters[2m > [22mloads filters from localStorage on mount[32m 8[2mms[22m[39m
 [32m✓[39m src/hooks/__tests__/usePersistedFilters.test.ts[2m > [22musePersistedFilters[2m > [22msaves filters to localStorage when setFilter is called[32m 41[2mms[22m[39m
 [32m✓[39m src/hooks/__tests__/usePersistedFilters.test.ts[2m > [22musePersistedFilters[2m > [22mupdates multiple filters and persists them[32m 6[2mms[22m[39m
 [32m✓[39m src/hooks/__tests__/usePersistedFilters.test.ts[2m > [22musePersistedFilters[2m > [22mremoves filter from localStorage when clearFilter is called[32m 34[2mms[22m[39m
 [32m✓[39m src/hooks/__tests__/usePersistedFilters.test.ts[2m > [22musePersistedFilters[2m > [22mremoves all filters from localStorage when clearAllFilters is called[32m 5[2mms[22m[39m
 [32m✓[39m src/hooks/__tests__/usePersistedFilters.test.ts[2m > [22musePersistedFilters[2m > [22mhandles corrupted localStorage data gracefully[32m 60[2mms[22m[39m
 [32m✓[39m src/hooks/__tests__/usePersistedFilters.test.ts[2m > [22musePersistedFilters[2m > [22mhandles localStorage quota exceeded error[32m 40[2mms[22m[39m
 [32m✓[39m src/hooks/__tests__/usePersistedFilters.test.ts[2m > [22musePersistedFilters[2m > [22muses different storage keys for different instances[32m 9[2mms[22m[39m
 [32m✓[39m src/hooks/__tests__/usePersistedFilters.test.ts[2m > [22musePersistedFilters[2m > [22mpersists complex filter values[32m 4[2mms[22m[39m
 [32m✓[39m src/hooks/__tests__/usePersistedFilters.test.ts[2m > [22musePersistedFilters[2m > [22msynchronizes state across multiple renders[32m 33[2mms[22m[39m
 [32m✓[39m src/hooks/__tests__/usePersistedFilters.test.ts[2m > [22musePersistedFilters[2m > [22mdoes not persist when filter value is empty array[32m 3[2mms[22m[39m
 [32m✓[39m src/hooks/__tests__/usePersistedFilters.test.ts[2m > [22musePersistedFilters[2m > [22mdoes not persist when filter value is empty string[32m 4[2mms[22m[39m
 [32m✓[39m src/hooks/__tests__/usePersistedFilters.test.ts[2m > [22musePersistedFilters[2m > [22mdoes not persist when filter value is null[32m 4[2mms[22m[39m
 [32m✓[39m src/components/__tests__/GlobalSearch.test.tsx[2m > [22mGlobalSearch[2m > [22mdisplays source type chip for source suggestions[33m 1553[2mms[22m[39m
[90mstderr[2m | src/views/__tests__/EntityDetailView.test.tsx[2m > [22m[2mEntityDetailView[2m > [22m[2mScope filtering[2m > [22m[2mdisplays scope filter accordion
[22m[39mFailed to load source src-1: TypeError: localStorage.getItem is not a function
    at apiFetch (D:/code_hdd/hyphagraph/frontend/src/api/client.tsx:55:30)
    at getSource (D:/code_hdd/hyphagraph/frontend/src/api/sources.ts:80:10)
    at D:/code_hdd/hyphagraph/frontend/src/views/EntityDetailView.tsx:148:28
    at Array.map (<anonymous>)
    at D:/code_hdd/hyphagraph/frontend/src/views/EntityDetailView.tsx:146:56

[90mstderr[2m | src/views/__tests__/EntityDetailView.test.tsx[2m > [22m[2mEntityDetailView[2m > [22m[2mScope filtering[2m > [22m[2mdisplays scope filter accordion
[22m[39mFailed to load terms: TypeError: localStorage.getItem is not a function
    at apiFetch (D:/code_hdd/hyphagraph/frontend/src/api/client.tsx:55:30)
    at listEntityTerms (D:/code_hdd/hyphagraph/frontend/src/api/entityTerms.ts:26:10)
    at loadTerms (D:/code_hdd/hyphagraph/frontend/src/components/EntityTermsDisplay.tsx:43:28)
    at D:/code_hdd/hyphagraph/frontend/src/components/EntityTermsDisplay.tsx:53:5
    at commitHookEffectListMount [90m(D:\code_hdd\hyphagraph\frontend\[39mnode_modules\[4mreact-dom[24m\cjs\react-dom.development.js:23189:26[90m)[39m
    at commitPassiveMountOnFiber [90m(D:\code_hdd\hyphagraph\frontend\[39mnode_modules\[4mreact-dom[24m\cjs\react-dom.development.js:24970:11[90m)[39m
    at commitPassiveMountEffects_complete [90m(D:\code_hdd\hyphagraph\frontend\[39mnode_modules\[4mreact-dom[24m\cjs\react-dom.development.js:24930:9[90m)[39m
    at commitPassiveMountEffects_begin [90m(D:\code_hdd\hyphagraph\frontend\[39mnode_modules\[4mreact-dom[24m\cjs\react-dom.development.js:24917:7[90m)[39m
    at commitPassiveMountEffects [90m(D:\code_hdd\hyphagraph\frontend\[39mnode_modules\[4mreact-dom[24m\cjs\react-dom.development.js:24905:3[90m)[39m
    at flushPassiveEffectsImpl [90m(D:\code_hdd\hyphagraph\frontend\[39mnode_modules\[4mreact-dom[24m\cjs\react-dom.development.js:27078:3[90m)[39m

 [32m✓[39m src/views/__tests__/EntityDetailView.test.tsx[2m > [22mEntityDetailView[2m > [22mDelete functionality[2m > [22mcalls deleteEntity and navigates on confirm[33m 2527[2mms[22m[39m
[90mstderr[2m | src/views/__tests__/EntityDetailView.test.tsx[2m > [22m[2mEntityDetailView[2m > [22m[2mScope filtering[2m > [22m[2mshows filter input fields when accordion expanded
[22m[39mFailed to load source src-1: TypeError: localStorage.getItem is not a function
    at apiFetch (D:/code_hdd/hyphagraph/frontend/src/api/client.tsx:55:30)
    at getSource (D:/code_hdd/hyphagraph/frontend/src/api/sources.ts:80:10)
    at D:/code_hdd/hyphagraph/frontend/src/views/EntityDetailView.tsx:148:28
    at Array.map (<anonymous>)
    at D:/code_hdd/hyphagraph/frontend/src/views/EntityDetailView.tsx:146:56

[90mstderr[2m | src/views/__tests__/EntityDetailView.test.tsx[2m > [22m[2mEntityDetailView[2m > [22m[2mScope filtering[2m > [22m[2mshows filter input fields when accordion expanded
[22m[39mFailed to load terms: TypeError: localStorage.getItem is not a function
    at apiFetch (D:/code_hdd/hyphagraph/frontend/src/api/client.tsx:55:30)
    at listEntityTerms (D:/code_hdd/hyphagraph/frontend/src/api/entityTerms.ts:26:10)
    at loadTerms (D:/code_hdd/hyphagraph/frontend/src/components/EntityTermsDisplay.tsx:43:28)
    at D:/code_hdd/hyphagraph/frontend/src/components/EntityTermsDisplay.tsx:53:5
    at commitHookEffectListMount [90m(D:\code_hdd\hyphagraph\frontend\[39mnode_modules\[4mreact-dom[24m\cjs\react-dom.development.js:23189:26[90m)[39m
    at commitPassiveMountOnFiber [90m(D:\code_hdd\hyphagraph\frontend\[39mnode_modules\[4mreact-dom[24m\cjs\react-dom.development.js:24970:11[90m)[39m
    at commitPassiveMountEffects_complete [90m(D:\code_hdd\hyphagraph\frontend\[39mnode_modules\[4mreact-dom[24m\cjs\react-dom.development.js:24930:9[90m)[39m
    at commitPassiveMountEffects_begin [90m(D:\code_hdd\hyphagraph\frontend\[39mnode_modules\[4mreact-dom[24m\cjs\react-dom.development.js:24917:7[90m)[39m
    at commitPassiveMountEffects [90m(D:\code_hdd\hyphagraph\frontend\[39mnode_modules\[4mreact-dom[24m\cjs\react-dom.development.js:24905:3[90m)[39m
    at flushPassiveEffectsImpl [90m(D:\code_hdd\hyphagraph\frontend\[39mnode_modules\[4mreact-dom[24m\cjs\react-dom.development.js:27078:3[90m)[39m

 [32m✓[39m src/views/__tests__/EntityDetailView.test.tsx[2m > [22mEntityDetailView[2m > [22mScope filtering[2m > [22mdisplays scope filter accordion[32m 265[2mms[22m[39m
 [32m✓[39m src/hooks/__tests__/useFilterDrawer.test.ts[2m > [22museFilterDrawer[2m > [22minitializes with drawer closed and no filters[32m 121[2mms[22m[39m
 [32m✓[39m src/hooks/__tests__/useFilterDrawer.test.ts[2m > [22museFilterDrawer[2m > [22mopens drawer when openDrawer is called[32m 15[2mms[22m[39m
 [32m✓[39m src/hooks/__tests__/useFilterDrawer.test.ts[2m > [22museFilterDrawer[2m > [22mcloses drawer when closeDrawer is called[32m 30[2mms[22m[39m
 [32m✓[39m src/hooks/__tests__/useFilterDrawer.test.ts[2m > [22museFilterDrawer[2m > [22msets filter value when setFilter is called[32m 6[2mms[22m[39m
 [32m✓[39m src/hooks/__tests__/useFilterDrawer.test.ts[2m > [22museFilterDrawer[2m > [22mupdates existing filter value[32m 6[2mms[22m[39m
 [32m✓[39m src/hooks/__tests__/useFilterDrawer.test.ts[2m > [22museFilterDrawer[2m > [22msets multiple independent filters[32m 4[2mms[22m[39m
[90mstderr[2m | src/views/__tests__/EntityDetailView.test.tsx[2m > [22m[2mEntityDetailView[2m > [22m[2mScope filtering[2m > [22m[2madds filter when Add button clicked
[22m[39mFailed to load source src-1: TypeError: localStorage.getItem is not a function
    at apiFetch (D:/code_hdd/hyphagraph/frontend/src/api/client.tsx:55:30)
    at getSource (D:/code_hdd/hyphagraph/frontend/src/api/sources.ts:80:10)
    at D:/code_hdd/hyphagraph/frontend/src/views/EntityDetailView.tsx:148:28
    at Array.map (<anonymous>)
    at D:/code_hdd/hyphagraph/frontend/src/views/EntityDetailView.tsx:146:56

 [32m✓[39m src/hooks/__tests__/useFilterDrawer.test.ts[2m > [22museFilterDrawer[2m > [22mclears specific filter when clearFilter is called[32m 23[2mms[22m[39m
 [32m✓[39m src/hooks/__tests__/useFilterDrawer.test.ts[2m > [22museFilterDrawer[2m > [22mclears all filters when clearAllFilters is called[32m 7[2mms[22m[39m
 [32m✓[39m src/hooks/__tests__/useFilterDrawer.test.ts[2m > [22museFilterDrawer[2m > [22mcounts active filters correctly[32m 5[2mms[22m[39m
 [32m✓[39m src/hooks/__tests__/useFilterDrawer.test.ts[2m > [22museFilterDrawer[2m > [22mdoes not count empty arrays as active filters[32m 47[2mms[22m[39m
 [32m✓[39m src/hooks/__tests__/useFilterDrawer.test.ts[2m > [22museFilterDrawer[2m > [22mdoes not count empty strings as active filters[32m 3[2mms[22m[39m
 [32m✓[39m src/hooks/__tests__/useFilterDrawer.test.ts[2m > [22museFilterDrawer[2m > [22mdoes not count null values as active filters[32m 3[2mms[22m[39m
 [32m✓[39m src/hooks/__tests__/useFilterDrawer.test.ts[2m > [22museFilterDrawer[2m > [22mhandles clearing non-existent filter gracefully[32m 3[2mms[22m[39m
 [32m✓[39m src/hooks/__tests__/useFilterDrawer.test.ts[2m > [22museFilterDrawer[2m > [22mpreserves filter state when drawer is opened and closed[32m 22[2mms[22m[39m
 [32m✓[39m src/hooks/__tests__/useFilterDrawer.test.ts[2m > [22museFilterDrawer[2m > [22mallows setting filter while drawer is open[32m 2[2mms[22m[39m
 [32m✓[39m src/hooks/__tests__/useFilterDrawer.test.ts[2m > [22museFilterDrawer[2m > [22mhandles rapid filter updates[32m 3[2mms[22m[39m
[90mstderr[2m | src/views/__tests__/EntityDetailView.test.tsx[2m > [22m[2mEntityDetailView[2m > [22m[2mScope filtering[2m > [22m[2madds filter when Add button clicked
[22m[39mFailed to load terms: TypeError: localStorage.getItem is not a function
    at apiFetch (D:/code_hdd/hyphagraph/frontend/src/api/client.tsx:55:30)
    at listEntityTerms (D:/code_hdd/hyphagraph/frontend/src/api/entityTerms.ts:26:10)
    at loadTerms (D:/code_hdd/hyphagraph/frontend/src/components/EntityTermsDisplay.tsx:43:28)
    at D:/code_hdd/hyphagraph/frontend/src/components/EntityTermsDisplay.tsx:53:5
    at commitHookEffectListMount [90m(D:\code_hdd\hyphagraph\frontend\[39mnode_modules\[4mreact-dom[24m\cjs\react-dom.development.js:23189:26[90m)[39m
    at commitPassiveMountOnFiber [90m(D:\code_hdd\hyphagraph\frontend\[39mnode_modules\[4mreact-dom[24m\cjs\react-dom.development.js:24970:11[90m)[39m
    at commitPassiveMountEffects_complete [90m(D:\code_hdd\hyphagraph\frontend\[39mnode_modules\[4mreact-dom[24m\cjs\react-dom.development.js:24930:9[90m)[39m
    at commitPassiveMountEffects_begin [90m(D:\code_hdd\hyphagraph\frontend\[39mnode_modules\[4mreact-dom[24m\cjs\react-dom.development.js:24917:7[90m)[39m
    at commitPassiveMountEffects [90m(D:\code_hdd\hyphagraph\frontend\[39mnode_modules\[4mreact-dom[24m\cjs\react-dom.development.js:24905:3[90m)[39m
    at flushPassiveEffectsImpl [90m(D:\code_hdd\hyphagraph\frontend\[39mnode_modules\[4mreact-dom[24m\cjs\react-dom.development.js:27078:3[90m)[39m

 [32m✓[39m src/views/__tests__/EntityDetailView.test.tsx[2m > [22mEntityDetailView[2m > [22mScope filtering[2m > [22mshows filter input fields when accordion expanded[33m 356[2mms[22m[39m
 [32m✓[39m src/components/__tests__/GlobalSearch.test.tsx[2m > [22mGlobalSearch[2m > [22mdisplays secondary text for suggestions with metadata[33m 1312[2mms[22m[39m
[90mstderr[2m | src/views/__tests__/EntityDetailView.test.tsx[2m > [22m[2mEntityDetailView[2m > [22m[2mScope filtering[2m > [22m[2madds filter when Add button clicked
[22m[39mFailed to load source src-1: TypeError: localStorage.getItem is not a function
    at apiFetch (D:/code_hdd/hyphagraph/frontend/src/api/client.tsx:55:30)
    at getSource (D:/code_hdd/hyphagraph/frontend/src/api/sources.ts:80:10)
    at D:/code_hdd/hyphagraph/frontend/src/views/EntityDetailView.tsx:98:26
    at Array.map (<anonymous>)
    at loadInference (D:/code_hdd/hyphagraph/frontend/src/views/EntityDetailView.tsx:96:54)

[90mstderr[2m | src/views/__tests__/EntityDetailView.test.tsx[2m > [22m[2mEntityDetailView[2m > [22m[2mScope filtering[2m > [22m[2mdisplays active filter chips
[22m[39mFailed to load source src-1: TypeError: localStorage.getItem is not a function
    at apiFetch (D:/code_hdd/hyphagraph/frontend/src/api/client.tsx:55:30)
    at getSource (D:/code_hdd/hyphagraph/frontend/src/api/sources.ts:80:10)
    at D:/code_hdd/hyphagraph/frontend/src/views/EntityDetailView.tsx:148:28
    at Array.map (<anonymous>)
    at D:/code_hdd/hyphagraph/frontend/src/views/EntityDetailView.tsx:146:56

[90mstderr[2m | src/views/__tests__/EntityDetailView.test.tsx[2m > [22m[2mEntityDetailView[2m > [22m[2mScope filtering[2m > [22m[2mdisplays active filter chips
[22m[39mFailed to load terms: TypeError: localStorage.getItem is not a function
    at apiFetch (D:/code_hdd/hyphagraph/frontend/src/api/client.tsx:55:30)
    at listEntityTerms (D:/code_hdd/hyphagraph/frontend/src/api/entityTerms.ts:26:10)
    at loadTerms (D:/code_hdd/hyphagraph/frontend/src/components/EntityTermsDisplay.tsx:43:28)
    at D:/code_hdd/hyphagraph/frontend/src/components/EntityTermsDisplay.tsx:53:5
    at commitHookEffectListMount [90m(D:\code_hdd\hyphagraph\frontend\[39mnode_modules\[4mreact-dom[24m\cjs\react-dom.development.js:23189:26[90m)[39m
    at commitPassiveMountOnFiber [90m(D:\code_hdd\hyphagraph\frontend\[39mnode_modules\[4mreact-dom[24m\cjs\react-dom.development.js:24970:11[90m)[39m
    at commitPassiveMountEffects_complete [90m(D:\code_hdd\hyphagraph\frontend\[39mnode_modules\[4mreact-dom[24m\cjs\react-dom.development.js:24930:9[90m)[39m
    at commitPassiveMountEffects_begin [90m(D:\code_hdd\hyphagraph\frontend\[39mnode_modules\[4mreact-dom[24m\cjs\react-dom.development.js:24917:7[90m)[39m
    at commitPassiveMountEffects [90m(D:\code_hdd\hyphagraph\frontend\[39mnode_modules\[4mreact-dom[24m\cjs\react-dom.development.js:24905:3[90m)[39m
    at flushPassiveEffectsImpl [90m(D:\code_hdd\hyphagraph\frontend\[39mnode_modules\[4mreact-dom[24m\cjs\react-dom.development.js:27078:3[90m)[39m

 [32m✓[39m src/views/__tests__/EntityDetailView.test.tsx[2m > [22mEntityDetailView[2m > [22mScope filtering[2m > [22madds filter when Add button clicked[33m 921[2mms[22m[39m
[90mstderr[2m | src/views/__tests__/EntityDetailView.test.tsx[2m > [22m[2mEntityDetailView[2m > [22m[2mScope filtering[2m > [22m[2mdisplays active filter chips
[22m[39mFailed to load source src-1: TypeError: localStorage.getItem is not a function
    at apiFetch (D:/code_hdd/hyphagraph/frontend/src/api/client.tsx:55:30)
    at getSource (D:/code_hdd/hyphagraph/frontend/src/api/sources.ts:80:10)
    at D:/code_hdd/hyphagraph/frontend/src/views/EntityDetailView.tsx:98:26
    at Array.map (<anonymous>)
    at loadInference (D:/code_hdd/hyphagraph/frontend/src/views/EntityDetailView.tsx:96:54)

[90mstderr[2m | src/views/__tests__/EntityDetailView.test.tsx[2m > [22m[2mEntityDetailView[2m > [22m[2mScope filtering[2m > [22m[2mremoves filter when chip deleted
[22m[39mFailed to load source src-1: TypeError: localStorage.getItem is not a function
    at apiFetch (D:/code_hdd/hyphagraph/frontend/src/api/client.tsx:55:30)
    at getSource (D:/code_hdd/hyphagraph/frontend/src/api/sources.ts:80:10)
    at D:/code_hdd/hyphagraph/frontend/src/views/EntityDetailView.tsx:148:28
    at Array.map (<anonymous>)
    at D:/code_hdd/hyphagraph/frontend/src/views/EntityDetailView.tsx:146:56

[90mstderr[2m | src/views/__tests__/EntityDetailView.test.tsx[2m > [22m[2mEntityDetailView[2m > [22m[2mScope filtering[2m > [22m[2mremoves filter when chip deleted
[22m[39mFailed to load terms: TypeError: localStorage.getItem is not a function
    at apiFetch (D:/code_hdd/hyphagraph/frontend/src/api/client.tsx:55:30)
    at listEntityTerms (D:/code_hdd/hyphagraph/frontend/src/api/entityTerms.ts:26:10)
    at loadTerms (D:/code_hdd/hyphagraph/frontend/src/components/EntityTermsDisplay.tsx:43:28)
    at D:/code_hdd/hyphagraph/frontend/src/components/EntityTermsDisplay.tsx:53:5
    at commitHookEffectListMount [90m(D:\code_hdd\hyphagraph\frontend\[39mnode_modules\[4mreact-dom[24m\cjs\react-dom.development.js:23189:26[90m)[39m
    at commitPassiveMountOnFiber [90m(D:\code_hdd\hyphagraph\frontend\[39mnode_modules\[4mreact-dom[24m\cjs\react-dom.development.js:24970:11[90m)[39m
    at commitPassiveMountEffects_complete [90m(D:\code_hdd\hyphagraph\frontend\[39mnode_modules\[4mreact-dom[24m\cjs\react-dom.development.js:24930:9[90m)[39m
    at commitPassiveMountEffects_begin [90m(D:\code_hdd\hyphagraph\frontend\[39mnode_modules\[4mreact-dom[24m\cjs\react-dom.development.js:24917:7[90m)[39m
    at commitPassiveMountEffects [90m(D:\code_hdd\hyphagraph\frontend\[39mnode_modules\[4mreact-dom[24m\cjs\react-dom.development.js:24905:3[90m)[39m
    at flushPassiveEffectsImpl [90m(D:\code_hdd\hyphagraph\frontend\[39mnode_modules\[4mreact-dom[24m\cjs\react-dom.development.js:27078:3[90m)[39m

 [32m✓[39m src/views/__tests__/EntityDetailView.test.tsx[2m > [22mEntityDetailView[2m > [22mScope filtering[2m > [22mdisplays active filter chips[33m 871[2mms[22m[39m
[90mstderr[2m | src/views/__tests__/EntityDetailView.test.tsx[2m > [22m[2mEntityDetailView[2m > [22m[2mScope filtering[2m > [22m[2mremoves filter when chip deleted
[22m[39mFailed to load source src-1: TypeError: localStorage.getItem is not a function
    at apiFetch (D:/code_hdd/hyphagraph/frontend/src/api/client.tsx:55:30)
    at getSource (D:/code_hdd/hyphagraph/frontend/src/api/sources.ts:80:10)
    at D:/code_hdd/hyphagraph/frontend/src/views/EntityDetailView.tsx:98:26
    at Array.map (<anonymous>)
    at loadInference (D:/code_hdd/hyphagraph/frontend/src/views/EntityDetailView.tsx:96:54)

[90mstderr[2m | src/views/__tests__/EntityDetailView.test.tsx[2m > [22m[2mEntityDetailView[2m > [22m[2mScope filtering[2m > [22m[2mremoves filter when chip deleted
[22m[39mFailed to load source src-1: TypeError: localStorage.getItem is not a function
    at apiFetch (D:/code_hdd/hyphagraph/frontend/src/api/client.tsx:55:30)
    at getSource (D:/code_hdd/hyphagraph/frontend/src/api/sources.ts:80:10)
    at D:/code_hdd/hyphagraph/frontend/src/views/EntityDetailView.tsx:98:26
    at Array.map (<anonymous>)
    at loadInference (D:/code_hdd/hyphagraph/frontend/src/views/EntityDetailView.tsx:96:54)

 [32m✓[39m src/views/__tests__/EntityDetailView.test.tsx[2m > [22mEntityDetailView[2m > [22mScope filtering[2m > [22mremoves filter when chip deleted[33m 867[2mms[22m[39m
 [32m✓[39m src/views/__tests__/EntityDetailView.test.tsx[2m > [22mEntityDetailView[2m > [22mError state[2m > [22mshows error message when entity not found[32m 68[2mms[22m[39m
 [32m✓[39m src/hooks/__tests__/useDebounce.test.ts[2m > [22museDebounce[2m > [22mshould return initial value immediately[32m 67[2mms[22m[39m
 [32m✓[39m src/hooks/__tests__/useDebounce.test.ts[2m > [22museDebounce[2m > [22mshould debounce value changes[32m 12[2mms[22m[39m
 [32m✓[39m src/hooks/__tests__/useDebounce.test.ts[2m > [22museDebounce[2m > [22mshould reset timer on rapid changes[32m 8[2mms[22m[39m
 [32m✓[39m src/hooks/__tests__/useDebounce.test.ts[2m > [22museDebounce[2m > [22mshould handle custom delay[32m 7[2mms[22m[39m
 [32m✓[39m src/hooks/__tests__/useDebounce.test.ts[2m > [22museDebounce[2m > [22mshould handle different data types[32m 6[2mms[22m[39m
 [32m✓[39m src/hooks/__tests__/useDebounce.test.ts[2m > [22museDebounce[2m > [22mshould handle object values[32m 5[2mms[22m[39m
 [31m×[39m src/views/__tests__/CreateSourceView.test.tsx[2m > [22mCreateSourceView[2m > [22mForm submission[2m > [22msubmits form with all fields filled[33m 7104[2mms[22m[39m
[31m   → Test timed out in 5000ms.
If this is a long-running test, pass a timeout value as the last argument or configure it globally with "testTimeout".[39m
 [32m✓[39m src/views/__tests__/CreateSourceView.test.tsx[2m > [22mCreateSourceView[2m > [22mForm submission[2m > [22mparses comma-separated authors correctly[33m 3731[2mms[22m[39m
 [32m✓[39m src/views/__tests__/CreateSourceView.test.tsx[2m > [22mCreateSourceView[2m > [22mForm submission[2m > [22mhandles empty authors correctly[33m 2316[2mms[22m[39m
 [32m✓[39m src/views/__tests__/CreateSourceView.test.tsx[2m > [22mCreateSourceView[2m > [22mCancel functionality[2m > [22mnavigates to sources list when cancel clicked[33m 834[2mms[22m[39m
 [32m✓[39m src/views/__tests__/CreateSourceView.test.tsx[2m > [22mCreateSourceView[2m > [22mCancel functionality[2m > [22mnavigates to sources list when back button clicked[33m 950[2mms[22m[39m
 [32m✓[39m src/hooks/__tests__/useInfiniteScroll.test.ts[2m > [22museInfiniteScroll[2m > [22mshould create IntersectionObserver on mount[32m 103[2mms[22m[39m
 [32m✓[39m src/hooks/__tests__/useInfiniteScroll.test.ts[2m > [22museInfiniteScroll[2m > [22mshould call onLoadMore when sentinel intersects and hasMore is true[32m 34[2mms[22m[39m
 [32m✓[39m src/hooks/__tests__/useInfiniteScroll.test.ts[2m > [22museInfiniteScroll[2m > [22mshould not call onLoadMore when isLoading is true[32m 54[2mms[22m[39m
 [32m✓[39m src/hooks/__tests__/useInfiniteScroll.test.ts[2m > [22museInfiniteScroll[2m > [22mshould not call onLoadMore when hasMore is false[32m 5[2mms[22m[39m
 [32m✓[39m src/hooks/__tests__/useInfiniteScroll.test.ts[2m > [22museInfiniteScroll[2m > [22mshould not call onLoadMore when not intersecting[32m 5[2mms[22m[39m
 [32m✓[39m src/hooks/__tests__/useInfiniteScroll.test.ts[2m > [22museInfiniteScroll[2m > [22mshould use custom threshold[32m 29[2mms[22m[39m
 [32m✓[39m src/hooks/__tests__/useInfiniteScroll.test.ts[2m > [22museInfiniteScroll[2m > [22mshould cleanup observer on unmount[32m 5[2mms[22m[39m
 [32m✓[39m src/api/auth.test.ts[2m > [22mAuth API Client[2m > [22mlogin[2m > [22mshould call API with form-urlencoded credentials[32m 10[2mms[22m[39m
 [32m✓[39m src/api/auth.test.ts[2m > [22mAuth API Client[2m > [22mlogin[2m > [22mshould format credentials as URLSearchParams[32m 1[2mms[22m[39m
 [32m✓[39m src/api/auth.test.ts[2m > [22mAuth API Client[2m > [22mregister[2m > [22mshould call API with JSON registration data[32m 1[2mms[22m[39m
 [32m✓[39m src/api/auth.test.ts[2m > [22mAuth API Client[2m > [22mregister[2m > [22mshould not include password in response[32m 2[2mms[22m[39m
 [32m✓[39m src/api/auth.test.ts[2m > [22mAuth API Client[2m > [22mgetMe[2m > [22mshould fetch current user information[32m 1[2mms[22m[39m
 [32m✓[39m src/api/auth.test.ts[2m > [22mAuth API Client[2m > [22mrefreshAccessToken[2m > [22mshould call refresh endpoint with refresh token[32m 1[2mms[22m[39m
 [32m✓[39m src/api/auth.test.ts[2m > [22mAuth API Client[2m > [22mrefreshAccessToken[2m > [22mshould return only access token (not refresh token)[32m 1[2mms[22m[39m
 [32m✓[39m src/api/auth.test.ts[2m > [22mAuth API Client[2m > [22mlogout[2m > [22mshould call logout endpoint with refresh token[32m 1[2mms[22m[39m
 [32m✓[39m src/api/auth.test.ts[2m > [22mAuth API Client[2m > [22mlogout[2m > [22mshould return void[32m 1[2mms[22m[39m
 [32m✓[39m src/api/auth.test.ts[2m > [22mAuth API Client[2m > [22mrequestPasswordReset[2m > [22mshould call password reset request endpoint[32m 1[2mms[22m[39m
 [32m✓[39m src/api/auth.test.ts[2m > [22mAuth API Client[2m > [22mrequestPasswordReset[2m > [22mshould return void (no response data)[32m 0[2mms[22m[39m
 [32m✓[39m src/api/auth.test.ts[2m > [22mAuth API Client[2m > [22mrequestPasswordReset[2m > [22mshould always succeed even if email does not exist[32m 2[2mms[22m[39m
 [32m✓[39m src/api/auth.test.ts[2m > [22mAuth API Client[2m > [22mresetPassword[2m > [22mshould call reset password endpoint with token and new password[32m 1[2mms[22m[39m
 [32m✓[39m src/api/auth.test.ts[2m > [22mAuth API Client[2m > [22mresetPassword[2m > [22mshould use snake_case for new_password field[32m 15[2mms[22m[39m
 [32m✓[39m src/api/auth.test.ts[2m > [22mAuth API Client[2m > [22mverifyEmail[2m > [22mshould call verify email endpoint with token[32m 2[2mms[22m[39m
 [32m✓[39m src/api/auth.test.ts[2m > [22mAuth API Client[2m > [22mresendVerificationEmail[2m > [22mshould call resend verification endpoint with email[32m 2[2mms[22m[39m
 [32m✓[39m src/api/auth.test.ts[2m > [22mAuth API Client[2m > [22mresendVerificationEmail[2m > [22mshould return void[32m 1[2mms[22m[39m
 [32m✓[39m src/api/auth.test.ts[2m > [22mAuth API Client[2m > [22mError Handling[2m > [22mshould propagate API errors for login[32m 16[2mms[22m[39m
 [32m✓[39m src/api/auth.test.ts[2m > [22mAuth API Client[2m > [22mError Handling[2m > [22mshould propagate API errors for register[32m 1[2mms[22m[39m
 [32m✓[39m src/api/auth.test.ts[2m > [22mAuth API Client[2m > [22mError Handling[2m > [22mshould propagate API errors for token refresh[32m 1[2mms[22m[39m
 [32m✓[39m src/api/auth.test.ts[2m > [22mAuth API Client[2m > [22mError Handling[2m > [22mshould propagate API errors for password reset[32m 1[2mms[22m[39m
 [32m✓[39m src/api/auth.test.ts[2m > [22mAuth API Client[2m > [22mError Handling[2m > [22mshould propagate API errors for email verification[32m 1[2mms[22m[39m
 [32m✓[39m src/components/filters/__tests__/YearRangeFilter.test.tsx[2m > [22mYearRangeFilter[2m > [22mrenders with integer year values[33m 1114[2mms[22m[39m
 [32m✓[39m src/components/filters/__tests__/YearRangeFilter.test.tsx[2m > [22mYearRangeFilter[2m > [22muses step size of 1 for years[32m 185[2mms[22m[39m
 [32m✓[39m src/utils/__tests__/filterUtils.test.ts[2m > [22mfilterUtils[2m > [22mapplyFilters[2m > [22mreturns all items when no filters are active[32m 6[2mms[22m[39m
 [32m✓[39m src/utils/__tests__/filterUtils.test.ts[2m > [22mfilterUtils[2m > [22mapplyFilters[2m > [22mfilters items by checkbox filter[32m 4[2mms[22m[39m
 [32m✓[39m src/utils/__tests__/filterUtils.test.ts[2m > [22mfilterUtils[2m > [22mapplyFilters[2m > [22mfilters items by range filter[32m 2[2mms[22m[39m
 [32m✓[39m src/utils/__tests__/filterUtils.test.ts[2m > [22mfilterUtils[2m > [22mapplyFilters[2m > [22mapplies multiple filters with AND logic[32m 3[2mms[22m[39m
 [32m✓[39m src/utils/__tests__/filterUtils.test.ts[2m > [22mfilterUtils[2m > [22mapplyFilters[2m > [22mignores filters with empty array values[32m 1[2mms[22m[39m
 [32m✓[39m src/utils/__tests__/filterUtils.test.ts[2m > [22mfilterUtils[2m > [22mapplyFilters[2m > [22mignores filters with null or undefined values[32m 1[2mms[22m[39m
 [32m✓[39m src/utils/__tests__/filterUtils.test.ts[2m > [22mfilterUtils[2m > [22mapplyFilters[2m > [22mignores filters with empty string values[32m 1[2mms[22m[39m
 [32m✓[39m src/utils/__tests__/filterUtils.test.ts[2m > [22mfilterUtils[2m > [22mapplyFilters[2m > [22mreturns empty array when no items match filters[32m 1[2mms[22m[39m
 [32m✓[39m src/utils/__tests__/filterUtils.test.ts[2m > [22mfilterUtils[2m > [22mapplyFilters[2m > [22mhandles items with missing optional fields[32m 1[2mms[22m[39m
 [32m✓[39m src/utils/__tests__/filterUtils.test.ts[2m > [22mfilterUtils[2m > [22mgetActiveFilterCount[2m > [22mreturns 0 for empty filters[32m 1[2mms[22m[39m
 [32m✓[39m src/utils/__tests__/filterUtils.test.ts[2m > [22mfilterUtils[2m > [22mgetActiveFilterCount[2m > [22mcounts non-empty string values[32m 1[2mms[22m[39m
 [32m✓[39m src/utils/__tests__/filterUtils.test.ts[2m > [22mfilterUtils[2m > [22mgetActiveFilterCount[2m > [22mcounts non-empty array values[32m 1[2mms[22m[39m
 [32m✓[39m src/utils/__tests__/filterUtils.test.ts[2m > [22mfilterUtils[2m > [22mgetActiveFilterCount[2m > [22mcounts truthy boolean values[32m 0[2mms[22m[39m
 [32m✓[39m src/utils/__tests__/filterUtils.test.ts[2m > [22mfilterUtils[2m > [22mgetActiveFilterCount[2m > [22mdoes not count undefined values[32m 0[2mms[22m[39m
 [32m✓[39m src/utils/__tests__/filterUtils.test.ts[2m > [22mfilterUtils[2m > [22mgetActiveFilterCount[2m > [22mdoes not count null values[32m 0[2mms[22m[39m
 [32m✓[39m src/utils/__tests__/filterUtils.test.ts[2m > [22mfilterUtils[2m > [22mgetActiveFilterCount[2m > [22mdoes not count empty string values[32m 0[2mms[22m[39m
 [32m✓[39m src/utils/__tests__/filterUtils.test.ts[2m > [22mfilterUtils[2m > [22mgetActiveFilterCount[2m > [22mdoes not count empty array values[32m 1[2mms[22m[39m
 [32m✓[39m src/utils/__tests__/filterUtils.test.ts[2m > [22mfilterUtils[2m > [22mgetActiveFilterCount[2m > [22mcounts multiple active filters[32m 0[2mms[22m[39m
 [32m✓[39m src/utils/__tests__/filterUtils.test.ts[2m > [22mfilterUtils[2m > [22mgetActiveFilterCount[2m > [22mignores inactive filters in mixed state[32m 0[2mms[22m[39m
 [32m✓[39m src/utils/__tests__/filterUtils.test.ts[2m > [22mfilterUtils[2m > [22mderiveFilterOptions[2m > [22mextracts unique values from field[32m 1[2mms[22m[39m
 [32m✓[39m src/utils/__tests__/filterUtils.test.ts[2m > [22mfilterUtils[2m > [22mderiveFilterOptions[2m > [22msorts options alphabetically[32m 1[2mms[22m[39m
 [32m✓[39m src/utils/__tests__/filterUtils.test.ts[2m > [22mfilterUtils[2m > [22mderiveFilterOptions[2m > [22mexcludes undefined values[32m 1[2mms[22m[39m
 [32m✓[39m src/utils/__tests__/filterUtils.test.ts[2m > [22mfilterUtils[2m > [22mderiveFilterOptions[2m > [22mexcludes null values[32m 0[2mms[22m[39m
 [32m✓[39m src/utils/__tests__/filterUtils.test.ts[2m > [22mfilterUtils[2m > [22mderiveFilterOptions[2m > [22mexcludes empty string values[32m 0[2mms[22m[39m
 [32m✓[39m src/utils/__tests__/filterUtils.test.ts[2m > [22mfilterUtils[2m > [22mderiveFilterOptions[2m > [22mreturns empty array for empty items[32m 0[2mms[22m[39m
 [32m✓[39m src/utils/__tests__/filterUtils.test.ts[2m > [22mfilterUtils[2m > [22mderiveFilterOptions[2m > [22mhandles numeric field values[32m 0[2mms[22m[39m
 [32m✓[39m src/utils/__tests__/filterUtils.test.ts[2m > [22mfilterUtils[2m > [22mderiveRange[2m > [22mreturns min and max for numeric field[32m 1[2mms[22m[39m
 [32m✓[39m src/utils/__tests__/filterUtils.test.ts[2m > [22mfilterUtils[2m > [22mderiveRange[2m > [22mreturns min and max for decimal field[32m 0[2mms[22m[39m
 [32m✓[39m src/utils/__tests__/filterUtils.test.ts[2m > [22mfilterUtils[2m > [22mderiveRange[2m > [22mhandles items with single value[32m 0[2mms[22m[39m
 [32m✓[39m src/utils/__tests__/filterUtils.test.ts[2m > [22mfilterUtils[2m > [22mderiveRange[2m > [22mignores undefined values[32m 0[2mms[22m[39m
 [32m✓[39m src/utils/__tests__/filterUtils.test.ts[2m > [22mfilterUtils[2m > [22mderiveRange[2m > [22mignores NaN values[32m 0[2mms[22m[39m
 [32m✓[39m src/utils/__tests__/filterUtils.test.ts[2m > [22mfilterUtils[2m > [22mderiveRange[2m > [22mreturns null for empty items[32m 2[2mms[22m[39m
 [32m✓[39m src/utils/__tests__/filterUtils.test.ts[2m > [22mfilterUtils[2m > [22mderiveRange[2m > [22mreturns null when all values are undefined[32m 0[2mms[22m[39m
 [32m✓[39m src/utils/__tests__/filterUtils.test.ts[2m > [22mfilterUtils[2m > [22mderiveRange[2m > [22mreturns null for non-numeric field[32m 0[2mms[22m[39m
 [32m✓[39m src/utils/__tests__/filterUtils.test.ts[2m > [22mfilterUtils[2m > [22mderiveRange[2m > [22mhandles negative numbers[32m 0[2mms[22m[39m
 [32m✓[39m src/components/filters/__tests__/YearRangeFilter.test.tsx[2m > [22mYearRangeFilter[2m > [22mformats values as rounded integers[32m 149[2mms[22m[39m
[90mstderr[2m | src/views/__tests__/PropertyDetailView.test.tsx[2m > [22m[2mPropertyDetailView[2m > [22m[2mError state[2m > [22m[2mshows error message when entity fetch fails
[22m[39mFailed to load property details: Error: Entity not found
    at D:/code_hdd/hyphagraph/frontend/src/views/__tests__/PropertyDetailView.test.tsx:159:9
    at [90mfile:///D:/code_hdd/hyphagraph/frontend/[39mnode_modules/[4m@vitest/runner[24m/dist/index.js:145:11
    at [90mfile:///D:/code_hdd/hyphagraph/frontend/[39mnode_modules/[4m@vitest/runner[24m/dist/index.js:915:26
    at [90mfile:///D:/code_hdd/hyphagraph/frontend/[39mnode_modules/[4m@vitest/runner[24m/dist/index.js:1243:20
    at new Promise (<anonymous>)
    at runWithTimeout [90m(file:///D:/code_hdd/hyphagraph/frontend/[39mnode_modules/[4m@vitest/runner[24m/dist/index.js:1209:10[90m)[39m
    at [90mfile:///D:/code_hdd/hyphagraph/frontend/[39mnode_modules/[4m@vitest/runner[24m/dist/index.js:1653:37
    at Traces.$ [90m(file:///D:/code_hdd/hyphagraph/frontend/[39mnode_modules/[4mvitest[24m/dist/chunks/traces.U4xDYhzZ.js:115:27[90m)[39m
    at trace [90m(file:///D:/code_hdd/hyphagraph/frontend/[39mnode_modules/[4mvitest[24m/dist/chunks/test.B8ej_ZHS.js:239:21[90m)[39m
    at runTest [90m(file:///D:/code_hdd/hyphagraph/frontend/[39mnode_modules/[4m@vitest/runner[24m/dist/index.js:1653:12[90m)[39m

 [32m✓[39m src/components/filters/__tests__/YearRangeFilter.test.tsx[2m > [22mYearRangeFilter[2m > [22mhandles historical year ranges[32m 111[2mms[22m[39m
 [32m✓[39m src/components/filters/__tests__/YearRangeFilter.test.tsx[2m > [22mYearRangeFilter[2m > [22mhandles future year ranges[32m 130[2mms[22m[39m
 [32m✓[39m src/components/filters/__tests__/YearRangeFilter.test.tsx[2m > [22mYearRangeFilter[2m > [22mhandles single year range[32m 108[2mms[22m[39m
 [32m✓[39m src/components/__tests__/InferenceBlock.test.tsx[2m > [22mInferenceBlock[2m > [22mrenders empty state when no relations[33m 430[2mms[22m[39m
 [32m✓[39m src/components/__tests__/InferenceBlock.test.tsx[2m > [22mInferenceBlock[2m > [22mgroups relations by kind[33m 426[2mms[22m[39m
 [32m✓[39m src/components/__tests__/InferenceBlock.test.tsx[2m > [22mInferenceBlock[2m > [22mhandles null inference gracefully[32m 6[2mms[22m[39m
[90mstderr[2m | src/views/__tests__/DisagreementsView.test.tsx[2m > [22m[2mDisagreementsView[2m > [22m[2mError state[2m > [22m[2mshows error message when entity fetch fails
[22m[39mFailed to load disagreements: Error: Entity not found
    at D:/code_hdd/hyphagraph/frontend/src/views/__tests__/DisagreementsView.test.tsx:133:9
    at [90mfile:///D:/code_hdd/hyphagraph/frontend/[39mnode_modules/[4m@vitest/runner[24m/dist/index.js:145:11
    at [90mfile:///D:/code_hdd/hyphagraph/frontend/[39mnode_modules/[4m@vitest/runner[24m/dist/index.js:915:26
    at [90mfile:///D:/code_hdd/hyphagraph/frontend/[39mnode_modules/[4m@vitest/runner[24m/dist/index.js:1243:20
    at new Promise (<anonymous>)
    at runWithTimeout [90m(file:///D:/code_hdd/hyphagraph/frontend/[39mnode_modules/[4m@vitest/runner[24m/dist/index.js:1209:10[90m)[39m
    at [90mfile:///D:/code_hdd/hyphagraph/frontend/[39mnode_modules/[4m@vitest/runner[24m/dist/index.js:1653:37
    at Traces.$ [90m(file:///D:/code_hdd/hyphagraph/frontend/[39mnode_modules/[4mvitest[24m/dist/chunks/traces.U4xDYhzZ.js:115:27[90m)[39m
    at trace [90m(file:///D:/code_hdd/hyphagraph/frontend/[39mnode_modules/[4mvitest[24m/dist/chunks/test.B8ej_ZHS.js:239:21[90m)[39m
    at runTest [90m(file:///D:/code_hdd/hyphagraph/frontend/[39mnode_modules/[4m@vitest/runner[24m/dist/index.js:1653:12[90m)[39m

 [32m✓[39m src/views/__tests__/PropertyDetailView.test.tsx[2m > [22mPropertyDetailView[2m > [22mLoading state[2m > [22mshows loading message initially[33m 915[2mms[22m[39m
 [32m✓[39m src/views/__tests__/CreateSourceView.test.tsx[2m > [22mCreateSourceView[2m > [22mError handling[2m > [22mdisplays error message when API call fails[33m 2103[2mms[22m[39m
[90mstderr[2m | src/views/__tests__/PropertyDetailView.test.tsx[2m > [22m[2mPropertyDetailView[2m > [22m[2mError state[2m > [22m[2mshows error message when explanation fetch fails
[22m[39mFailed to load property details: Error: Explanation not found
    at D:/code_hdd/hyphagraph/frontend/src/views/__tests__/PropertyDetailView.test.tsx:180:9
    at [90mfile:///D:/code_hdd/hyphagraph/frontend/[39mnode_modules/[4m@vitest/runner[24m/dist/index.js:145:11
    at [90mfile:///D:/code_hdd/hyphagraph/frontend/[39mnode_modules/[4m@vitest/runner[24m/dist/index.js:915:26
    at [90mfile:///D:/code_hdd/hyphagraph/frontend/[39mnode_modules/[4m@vitest/runner[24m/dist/index.js:1243:20
    at new Promise (<anonymous>)
    at runWithTimeout [90m(file:///D:/code_hdd/hyphagraph/frontend/[39mnode_modules/[4m@vitest/runner[24m/dist/index.js:1209:10[90m)[39m
    at [90mfile:///D:/code_hdd/hyphagraph/frontend/[39mnode_modules/[4m@vitest/runner[24m/dist/index.js:1653:37
    at Traces.$ [90m(file:///D:/code_hdd/hyphagraph/frontend/[39mnode_modules/[4mvitest[24m/dist/chunks/traces.U4xDYhzZ.js:115:27[90m)[39m
    at trace [90m(file:///D:/code_hdd/hyphagraph/frontend/[39mnode_modules/[4mvitest[24m/dist/chunks/test.B8ej_ZHS.js:239:21[90m)[39m
    at runTest [90m(file:///D:/code_hdd/hyphagraph/frontend/[39mnode_modules/[4m@vitest/runner[24m/dist/index.js:1653:12[90m)[39m

 [32m✓[39m src/views/__tests__/PropertyDetailView.test.tsx[2m > [22mPropertyDetailView[2m > [22mError state[2m > [22mshows error message when entity fetch fails[33m 771[2mms[22m[39m
 [32m✓[39m src/components/filters/__tests__/RangeFilter.test.tsx[2m > [22mRangeFilter[2m > [22mrenders slider with min and max labels[33m 2059[2mms[22m[39m
 [32m✓[39m src/components/filters/__tests__/RangeFilter.test.tsx[2m > [22mRangeFilter[2m > [22mdisplays current min and max values[32m 75[2mms[22m[39m
 [32m✓[39m src/components/filters/__tests__/RangeFilter.test.tsx[2m > [22mRangeFilter[2m > [22muses custom formatValue function when provided[32m 77[2mms[22m[39m
 [32m✓[39m src/components/filters/__tests__/RangeFilter.test.tsx[2m > [22mRangeFilter[2m > [22mapplies custom step value[32m 91[2mms[22m[39m
 [32m✓[39m src/views/__tests__/DisagreementsView.test.tsx[2m > [22mDisagreementsView[2m > [22mLoading state[2m > [22mshows loading message initially[33m 405[2mms[22m[39m
 [32m✓[39m src/components/filters/__tests__/RangeFilter.test.tsx[2m > [22mRangeFilter[2m > [22muses default step value of 0.1[32m 66[2mms[22m[39m
 [32m✓[39m src/components/filters/__tests__/RangeFilter.test.tsx[2m > [22mRangeFilter[2m > [22mhandles decimal ranges[32m 58[2mms[22m[39m
[90mstderr[2m | src/views/__tests__/DisagreementsView.test.tsx[2m > [22m[2mDisagreementsView[2m > [22m[2mError state[2m > [22m[2mshows error message when inference fetch fails
[22m[39mFailed to load disagreements: Error: Inference not found
    at D:/code_hdd/hyphagraph/frontend/src/views/__tests__/DisagreementsView.test.tsx:154:9
    at [90mfile:///D:/code_hdd/hyphagraph/frontend/[39mnode_modules/[4m@vitest/runner[24m/dist/index.js:145:11
    at [90mfile:///D:/code_hdd/hyphagraph/frontend/[39mnode_modules/[4m@vitest/runner[24m/dist/index.js:915:26
    at [90mfile:///D:/code_hdd/hyphagraph/frontend/[39mnode_modules/[4m@vitest/runner[24m/dist/index.js:1243:20
    at new Promise (<anonymous>)
    at runWithTimeout [90m(file:///D:/code_hdd/hyphagraph/frontend/[39mnode_modules/[4m@vitest/runner[24m/dist/index.js:1209:10[90m)[39m
    at [90mfile:///D:/code_hdd/hyphagraph/frontend/[39mnode_modules/[4m@vitest/runner[24m/dist/index.js:1653:37
    at Traces.$ [90m(file:///D:/code_hdd/hyphagraph/frontend/[39mnode_modules/[4mvitest[24m/dist/chunks/traces.U4xDYhzZ.js:115:27[90m)[39m
    at trace [90m(file:///D:/code_hdd/hyphagraph/frontend/[39mnode_modules/[4mvitest[24m/dist/chunks/test.B8ej_ZHS.js:239:21[90m)[39m
    at runTest [90m(file:///D:/code_hdd/hyphagraph/frontend/[39mnode_modules/[4m@vitest/runner[24m/dist/index.js:1653:12[90m)[39m

 [32m✓[39m src/api/__tests__/explanations.test.ts[2m > [22mExplanations API Client[2m > [22mgetExplanation[2m > [22mshould fetch explanation without scope filter[32m 9[2mms[22m[39m
 [32m✓[39m src/api/__tests__/explanations.test.ts[2m > [22mExplanations API Client[2m > [22mgetExplanation[2m > [22mshould fetch explanation with scope filter[32m 2[2mms[22m[39m
 [32m✓[39m src/api/__tests__/explanations.test.ts[2m > [22mExplanations API Client[2m > [22mgetExplanation[2m > [22mshould fetch explanation with complex scope filter[32m 4[2mms[22m[39m
 [32m✓[39m src/api/__tests__/explanations.test.ts[2m > [22mExplanations API Client[2m > [22mgetExplanation[2m > [22mshould handle empty scope filter[32m 1[2mms[22m[39m
 [32m✓[39m src/api/__tests__/explanations.test.ts[2m > [22mExplanations API Client[2m > [22mgetExplanation[2m > [22mshould handle API errors[32m 8[2mms[22m[39m
 [32m✓[39m src/api/__tests__/explanations.test.ts[2m > [22mExplanations API Client[2m > [22mgetExplanation[2m > [22mshould handle network errors[32m 1[2mms[22m[39m
 [32m✓[39m src/api/__tests__/explanations.test.ts[2m > [22mExplanations API Client[2m > [22mgetExplanation[2m > [22mshould return complete explanation response structure[32m 2[2mms[22m[39m
 [32m✓[39m src/views/__tests__/DisagreementsView.test.tsx[2m > [22mDisagreementsView[2m > [22mError state[2m > [22mshows error message when entity fetch fails[33m 542[2mms[22m[39m
 [32m✓[39m src/views/__tests__/PropertyDetailView.test.tsx[2m > [22mPropertyDetailView[2m > [22mError state[2m > [22mshows error message when explanation fetch fails[32m 121[2mms[22m[39m
 [32m✓[39m src/components/filters/__tests__/RangeFilter.test.tsx[2m > [22mRangeFilter[2m > [22mdisplays value correctly when min equals max[32m 131[2mms[22m[39m
 [32m✓[39m src/components/filters/__tests__/RangeFilter.test.tsx[2m > [22mRangeFilter[2m > [22mhandles negative ranges[32m 42[2mms[22m[39m
 [32m✓[39m src/components/filters/__tests__/RangeFilter.test.tsx[2m > [22mRangeFilter[2m > [22mhandles large number ranges[32m 146[2mms[22m[39m
 [32m✓[39m src/views/__tests__/PropertyDetailView.test.tsx[2m > [22mPropertyDetailView[2m > [22mSuccessful rendering[2m > [22mrenders property details successfully[33m 485[2mms[22m[39m
 [32m✓[39m src/views/__tests__/PropertyDetailView.test.tsx[2m > [22mPropertyDetailView[2m > [22mSuccessful rendering[2m > [22mdisplays natural language summary[32m 124[2mms[22m[39m
 [32m✓[39m src/views/__tests__/PropertyDetailView.test.tsx[2m > [22mPropertyDetailView[2m > [22mSuccessful rendering[2m > [22mdisplays evidence chain[32m 112[2mms[22m[39m
 [32m✓[39m src/views/__tests__/PropertyDetailView.test.tsx[2m > [22mPropertyDetailView[2m > [22mConsensus status[2m > [22mshows strong consensus for high confidence without contradictions[32m 49[2mms[22m[39m
 [32m✓[39m src/views/__tests__/PropertyDetailView.test.tsx[2m > [22mPropertyDetailView[2m > [22mConsensus status[2m > [22mshows moderate consensus for medium confidence[32m 98[2mms[22m[39m
 [32m✓[39m src/views/__tests__/PropertyDetailView.test.tsx[2m > [22mPropertyDetailView[2m > [22mConsensus status[2m > [22mshows weak evidence for low confidence[32m 99[2mms[22m[39m
 [32m✓[39m src/views/__tests__/PropertyDetailView.test.tsx[2m > [22mPropertyDetailView[2m > [22mConsensus status[2m > [22mshows disputed status when contradictions exist[32m 109[2mms[22m[39m
 [32m✓[39m src/views/__tests__/PropertyDetailView.test.tsx[2m > [22mPropertyDetailView[2m > [22mKnown limitations[2m > [22mdisplays known limitations section when confidence is low[32m 82[2mms[22m[39m
[90mstderr[2m | src/views/__tests__/DisagreementsView.test.tsx[2m > [22m[2mDisagreementsView[2m > [22m[2mSuccessful rendering[2m > [22m[2mrenders disagreements view with breadcrumbs
[22m[39mMUI Grid: The `item` prop has been removed and is no longer necessary. You can safely remove it.

MUI Grid: The `xs` prop has been removed. See https://mui.com/material-ui/migration/upgrade-to-grid-v2/ for migration instructions.

MUI Grid: The `sm` prop has been removed. See https://mui.com/material-ui/migration/upgrade-to-grid-v2/ for migration instructions.

MUI Grid: The `md` prop has been removed. See https://mui.com/material-ui/migration/upgrade-to-grid-v2/ for migration instructions.

Warning: validateDOMNesting(...): <div> cannot appear as a descendant of <p>.
    at div
    at D:\code_hdd\hyphagraph\frontend\node_modules\@emotion\react\dist\emotion-element-e8f4cc37.development.cjs.js:60:23
    at Typography (file:///D:/code_hdd/hyphagraph/frontend/node_modules/@mui/material/esm/Typography/Typography.js:131:7)
    at p
    at D:\code_hdd\hyphagraph\frontend\node_modules\@emotion\react\dist\emotion-element-e8f4cc37.development.cjs.js:60:23
    at Typography (file:///D:/code_hdd/hyphagraph/frontend/node_modules/@mui/material/esm/Typography/Typography.js:131:7)
    at div
    at D:\code_hdd\hyphagraph\frontend\node_modules\@emotion\react\dist\emotion-element-e8f4cc37.development.cjs.js:60:23
    at Grid (file:///D:/code_hdd/hyphagraph/frontend/node_modules/@mui/system/esm/Stack/createStack.js:137:24)
    at div
    at D:\code_hdd\hyphagraph\frontend\node_modules\@emotion\react\dist\emotion-element-e8f4cc37.development.cjs.js:60:23
    at Box (file:///D:/code_hdd/hyphagraph/frontend/node_modules/@mui/system/esm/createBox/createBox.js:20:19)
    at div
    at D:\code_hdd\hyphagraph\frontend\node_modules\@emotion\react\dist\emotion-element-e8f4cc37.development.cjs.js:60:23
    at CardContent (file:///D:/code_hdd/hyphagraph/frontend/node_modules/@mui/material/esm/CardContent/CardContent.js:30:17)
    at div
    at D:\code_hdd\hyphagraph\frontend\node_modules\@emotion\react\dist\emotion-element-e8f4cc37.development.cjs.js:60:23
    at Paper (file:///D:/code_hdd/hyphagraph/frontend/node_modules/@mui/material/esm/Paper/Paper.js:68:17)
    at D:\code_hdd\hyphagraph\frontend\node_modules\@emotion\react\dist\emotion-element-e8f4cc37.development.cjs.js:60:23
    at Card (file:///D:/code_hdd/hyphagraph/frontend/node_modules/@mui/material/esm/Card/Card.js:29:17)
    at div
    at D:\code_hdd\hyphagraph\frontend\node_modules\@emotion\react\dist\emotion-element-e8f4cc37.development.cjs.js:60:23
    at Grid (file:///D:/code_hdd/hyphagraph/frontend/node_modules/@mui/system/esm/Stack/createStack.js:137:24)
    at DisagreementsView (D:/code_hdd/hyphagraph/frontend/src/views/DisagreementsView.tsx:34:65)
    at Router (D:\code_hdd\hyphagraph\frontend\node_modules\react-router\dist\development\chunk-SZQUWNVJ.js:9239:13)
    at BrowserRouter (D:\code_hdd\hyphagraph\frontend\node_modules\react-router\dist\development\chunk-2JY4UAJA.js:270:3)

 [32m✓[39m src/views/__tests__/DisagreementsView.test.tsx[2m > [22mDisagreementsView[2m > [22mError state[2m > [22mshows error message when inference fetch fails[32m 103[2mms[22m[39m
 [32m✓[39m src/views/__tests__/PropertyDetailView.test.tsx[2m > [22mPropertyDetailView[2m > [22mContradictions section[2m > [22mdisplays contradictions prominently with error styling[32m 98[2mms[22m[39m
 [32m✓[39m src/views/__tests__/PropertyDetailView.test.tsx[2m > [22mPropertyDetailView[2m > [22mContradictions section[2m > [22mshows source count for contradictions[32m 106[2mms[22m[39m
 [32m✓[39m src/views/__tests__/PropertyDetailView.test.tsx[2m > [22mPropertyDetailView[2m > [22mContradictions section[2m > [22mdoes not show contradictions section when none exist[32m 66[2mms[22m[39m
 [32m✓[39m src/views/__tests__/DisagreementsView.test.tsx[2m > [22mDisagreementsView[2m > [22mSuccessful rendering[2m > [22mrenders disagreements view with breadcrumbs[33m 871[2mms[22m[39m
 [32m✓[39m src/views/__tests__/DisagreementsView.test.tsx[2m > [22mDisagreementsView[2m > [22mSuccessful rendering[2m > [22mdisplays scientific honesty warning[32m 221[2mms[22m[39m
 [32m✓[39m src/views/__tests__/DisagreementsView.test.tsx[2m > [22mDisagreementsView[2m > [22mStatistics display[2m > [22mshows count of conflicting relation types[32m 154[2mms[22m[39m
 [32m✓[39m src/views/__tests__/DisagreementsView.test.tsx[2m > [22mDisagreementsView[2m > [22mStatistics display[2m > [22mshows total contradiction count[32m 111[2mms[22m[39m
 [32m✓[39m src/views/__tests__/CreateSourceView.test.tsx[2m > [22mCreateSourceView[2m > [22mError handling[2m > [22mdoes not navigate on error[33m 2591[2mms[22m[39m
 [32m✓[39m src/views/__tests__/DisagreementsView.test.tsx[2m > [22mDisagreementsView[2m > [22mDisagreement groups[2m > [22mdisplays disagreement groups in accordions[32m 117[2mms[22m[39m
 [32m✓[39m src/views/__tests__/DisagreementsView.test.tsx[2m > [22mDisagreementsView[2m > [22mDisagreement groups[2m > [22mshows confidence percentage for each group[32m 104[2mms[22m[39m
 [32m✓[39m src/views/__tests__/DisagreementsView.test.tsx[2m > [22mDisagreementsView[2m > [22mDisagreement groups[2m > [22mdisplays supporting and contradicting chips[32m 102[2mms[22m[39m
 [32m✓[39m src/views/__tests__/DisagreementsView.test.tsx[2m > [22mDisagreementsView[2m > [22mDisagreement groups[2m > [22mshows multiple disagreement groups[32m 146[2mms[22m[39m
 [32m✓[39m src/views/__tests__/DisagreementsView.test.tsx[2m > [22mDisagreementsView[2m > [22mGuidance section[2m > [22mdisplays guidance on interpreting disagreements[32m 92[2mms[22m[39m
 [32m✓[39m src/views/__tests__/DisagreementsView.test.tsx[2m > [22mDisagreementsView[2m > [22mNo contradictions state[2m > [22mshows success message when no contradictions exist[32m 52[2mms[22m[39m
 [32m✓[39m src/views/__tests__/DisagreementsView.test.tsx[2m > [22mDisagreementsView[2m > [22mNo contradictions state[2m > [22mdoes not show disagreement groups when no contradictions[32m 29[2mms[22m[39m
 [32m✓[39m src/views/__tests__/DisagreementsView.test.tsx[2m > [22mDisagreementsView[2m > [22mNavigation actions[2m > [22mshows view synthesis button[32m 72[2mms[22m[39m
 [32m✓[39m src/views/__tests__/DisagreementsView.test.tsx[2m > [22mDisagreementsView[2m > [22mNavigation actions[2m > [22mshows back to entity button[32m 89[2mms[22m[39m
 [32m✓[39m src/views/__tests__/CreateSourceView.test.tsx[2m > [22mCreateSourceView[2m > [22mLoading state[2m > [22mdisables form fields when loading[33m 2123[2mms[22m[39m
 [32m✓[39m src/views/__tests__/CreateSourceView.test.tsx[2m > [22mCreateSourceView[2m > [22mLoading state[2m > [22mshows creating text when loading[33m 1835[2mms[22m[39m
